Component: ARM Compiler 5.06 update 1 (build 61) Tool: armlink [4d35a8]

==============================================================================

Section Cross References

    main.o(i.main) refers to rt_cmsis.o(i.osKernelInitialize) for osKernelInitialize
    main.o(i.main) refers to glcd_mcb1700.o(i.GLCD_Initialize) for GLCD_Initialize
    main.o(i.main) refers to glcd_mcb1700.o(i.GLCD_ClearScreen) for GLCD_ClearScreen
    main.o(i.main) refers to glcd_mcb1700.o(i.GLCD_SetFont) for GLCD_SetFont
    main.o(i.main) refers to net_sys.o(i.netInitialize) for netInitialize
    main.o(i.main) refers to net_udp.o(i.netUDP_GetSocket) for netUDP_GetSocket
    main.o(i.main) refers to net_udp.o(i.netUDP_Open) for netUDP_Open
    main.o(i.main) refers to train1_pilote.o(i.Init_Thread_train1) for Init_Thread_train1
    main.o(i.main) refers to rt_cmsis.o(i.osKernelStart) for osKernelStart
    main.o(i.main) refers to main.o(.data) for direction
    main.o(i.main) refers to glcd_fonts.o(.constdata) for GLCD_Font_16x24
    main.o(i.main) refers to main.o(i.udp_cb_func) for udp_cb_func
    main.o(i.udp_cb_func) refers to main.o(.data) for direction
    interrupt.o(i.EINT3_IRQHandler) refers to rt_cmsis.o(i.osSignalSet) for osSignalSet
    interrupt.o(i.EINT3_IRQHandler) refers to interrupt.o(.data) for position
    interrupt.o(i.EINT3_IRQHandler) refers to main.o(.data) for direction
    interrupt.o(i.EINT3_IRQHandler) refers to train1_pilote.o(.data) for tid_train1_envoiUDP
    train1_pilote.o(i.Init_Thread_train1) refers to rt_cmsis.o(i.osThreadCreate) for osThreadCreate
    train1_pilote.o(i.Init_Thread_train1) refers to train1_pilote.o(.constdata) for os_thread_def_train1
    train1_pilote.o(i.Init_Thread_train1) refers to train1_pilote.o(.data) for tid_train1
    train1_pilote.o(i.train1) refers to train1_pilote.o(i.Init_GPIO_train1) for Init_GPIO_train1
    train1_pilote.o(i.train1) refers to train1_pilote.o(i.Avance_train1) for Avance_train1
    train1_pilote.o(i.train1) refers to __2sprintf.o(.text) for __2sprintf
    train1_pilote.o(i.train1) refers to train1_pilote.o(i.Recule_train1) for Recule_train1
    train1_pilote.o(i.train1) refers to train1_pilote.o(i.Arret_train1) for Arret_train1
    train1_pilote.o(i.train1) refers to glcd_mcb1700.o(i.GLCD_DrawString) for GLCD_DrawString
    train1_pilote.o(i.train1) refers to rt_cmsis.o(i.osDelay) for osDelay
    train1_pilote.o(i.train1) refers to main.o(.data) for direction
    train1_pilote.o(i.train1_envoiUDP) refers to rt_memcpy_w.o(.text) for __aeabi_memcpy4
    train1_pilote.o(i.train1_envoiUDP) refers to rt_cmsis.o(i.osSignalWait) for osSignalWait
    train1_pilote.o(i.train1_envoiUDP) refers to net_udp.o(i.netUDP_GetBuffer) for netUDP_GetBuffer
    train1_pilote.o(i.train1_envoiUDP) refers to net_udp.o(i.netUDP_Send) for netUDP_Send
    train1_pilote.o(i.train1_envoiUDP) refers to rt_cmsis.o(i.osDelay) for osDelay
    train1_pilote.o(i.train1_envoiUDP) refers to train1_pilote.o(.constdata) for .constdata
    train1_pilote.o(i.train1_envoiUDP) refers to main.o(.data) for udp_sock
    train1_pilote.o(i.train1_envoiUDP) refers to interrupt.o(.data) for position
    train1_pilote.o(.constdata) refers to train1_pilote.o(i.train1) for train1
    train1_pilote.o(.constdata) refers to train1_pilote.o(i.train1_envoiUDP) for train1_envoiUDP
    glcd_mcb1700.o(i.GLCD_ClearScreen) refers to glcd_mcb1700.o(i.GLCD_WindowMax) for GLCD_WindowMax
    glcd_mcb1700.o(i.GLCD_ClearScreen) refers to glcd_mcb1700.o(i.wr_cmd) for wr_cmd
    glcd_mcb1700.o(i.GLCD_ClearScreen) refers to glcd_mcb1700.o(i.wr_dat_start) for wr_dat_start
    glcd_mcb1700.o(i.GLCD_ClearScreen) refers to glcd_mcb1700.o(i.wr_dat_only) for wr_dat_only
    glcd_mcb1700.o(i.GLCD_ClearScreen) refers to glcd_mcb1700.o(i.wr_dat_stop) for wr_dat_stop
    glcd_mcb1700.o(i.GLCD_ClearScreen) refers to glcd_mcb1700.o(.data) for background_color
    glcd_mcb1700.o(i.GLCD_DrawBargraph) refers to glcd_mcb1700.o(i.GLCD_SetWindow) for GLCD_SetWindow
    glcd_mcb1700.o(i.GLCD_DrawBargraph) refers to glcd_mcb1700.o(i.wr_cmd) for wr_cmd
    glcd_mcb1700.o(i.GLCD_DrawBargraph) refers to glcd_mcb1700.o(i.wr_dat_start) for wr_dat_start
    glcd_mcb1700.o(i.GLCD_DrawBargraph) refers to glcd_mcb1700.o(i.wr_dat_only) for wr_dat_only
    glcd_mcb1700.o(i.GLCD_DrawBargraph) refers to glcd_mcb1700.o(i.wr_dat_stop) for wr_dat_stop
    glcd_mcb1700.o(i.GLCD_DrawBargraph) refers to glcd_mcb1700.o(.data) for background_color
    glcd_mcb1700.o(i.GLCD_DrawBitmap) refers to glcd_mcb1700.o(i.GLCD_SetWindow) for GLCD_SetWindow
    glcd_mcb1700.o(i.GLCD_DrawBitmap) refers to glcd_mcb1700.o(i.wr_cmd) for wr_cmd
    glcd_mcb1700.o(i.GLCD_DrawBitmap) refers to glcd_mcb1700.o(i.wr_dat_start) for wr_dat_start
    glcd_mcb1700.o(i.GLCD_DrawBitmap) refers to glcd_mcb1700.o(i.wr_dat_only) for wr_dat_only
    glcd_mcb1700.o(i.GLCD_DrawBitmap) refers to glcd_mcb1700.o(i.wr_dat_stop) for wr_dat_stop
[...]
    Arret_train1                             0x00000e29   Thumb Code     8  train1_pilote.o(i.Arret_train1)
    SVC_Table                                0x00000e28   Data           0  svc_table.o(SVC_TABLE)
    Avance_train1                            0x00000e35   Thumb Code    12  train1_pilote.o(i.Avance_train1)
    DMA_IRQHandler                           0x00001005   Thumb Code   372  gpdma_lpc17xx.o(i.DMA_IRQHandler)
    EINT3_IRQHandler                         0x00001185   Thumb Code   116  interrupt.o(i.EINT3_IRQHandler)
    ENET_IRQHandler                          0x00001209   Thumb Code    62  emac_lpc17xx.o(i.ENET_IRQHandler)
    GLCD_ClearScreen                         0x00001251   Thumb Code    44  glcd_mcb1700.o(i.GLCD_ClearScreen)
    GLCD_DrawChar                            0x00001281   Thumb Code   194  glcd_mcb1700.o(i.GLCD_DrawChar)
    GLCD_DrawString                          0x00001351   Thumb Code    38  glcd_mcb1700.o(i.GLCD_DrawString)
    GLCD_Initialize                          0x0000137d   Thumb Code  1462  glcd_mcb1700.o(i.GLCD_Initialize)
    GLCD_SetFont                             0x00001935   Thumb Code    10  glcd_mcb1700.o(i.GLCD_SetFont)
    GLCD_SetWindow                           0x00001945   Thumb Code   168  glcd_mcb1700.o(i.GLCD_SetWindow)
    GLCD_WindowMax                           0x000019f1   Thumb Code    18  glcd_mcb1700.o(i.GLCD_WindowMax)
    GPDMA_ChannelConfigure                   0x00001a05   Thumb Code   232  gpdma_lpc17xx.o(i.GPDMA_ChannelConfigure)
    GPDMA_ChannelDisable                     0x00001af9   Thumb Code    44  gpdma_lpc17xx.o(i.GPDMA_ChannelDisable)
    GPDMA_ChannelGetCount                    0x00001b29   Thumb Code    38  gpdma_lpc17xx.o(i.GPDMA_ChannelGetCount)
    GPDMA_Initialize                         0x00001b59   Thumb Code   146  gpdma_lpc17xx.o(i.GPDMA_Initialize)
    GPDMA_PeripheralSelect                   0x00001c01   Thumb Code    62  gpdma_lpc17xx.o(i.GPDMA_PeripheralSelect)
    GPDMA_Uninitialize                       0x00001c45   Thumb Code   116  gpdma_lpc17xx.o(i.GPDMA_Uninitialize)
    GPIO_PinRead                             0x00001cc5   Thumb Code    28  gpio_lpc17xx.o(i.GPIO_PinRead)
    GPIO_PinWrite                            0x00001ce5   Thumb Code    36  gpio_lpc17xx.o(i.GPIO_PinWrite)
    GPIO_PortClock                           0x00001d0d   Thumb Code    38  gpio_lpc17xx.o(i.GPIO_PortClock)
    GPIO_PortRead                            0x00001d39   Thumb Code    14  gpio_lpc17xx.o(i.GPIO_PortRead)
    GPIO_SetDir                              0x00001d4d   Thumb Code    52  gpio_lpc17xx.o(i.GPIO_SetDir)
    Init_GPIO_train1                         0x00001f35   Thumb Code    62  train1_pilote.o(i.Init_GPIO_train1)
    Init_Thread_train1                       0x00001f85   Thumb Code    54  train1_pilote.o(i.Init_Thread_train1)
    PIN_Configure                            0x0000232d   Thumb Code   246  pin_lpc17xx.o(i.PIN_Configure)
    Recule_train1                            0x00002795   Thumb Code     8  train1_pilote.o(i.Recule_train1)
    SSP1_GPDMA_Rx_SignalEvent                0x000027b9   Thumb Code    14  ssp_lpc17xx.o(i.SSP1_GPDMA_Rx_SignalEvent)
    SSP1_GPDMA_Tx_SignalEvent                0x000027cd   Thumb Code    14  ssp_lpc17xx.o(i.SSP1_GPDMA_Tx_SignalEvent)
    SSP1_IRQHandler                          0x00002801   Thumb Code    10  ssp_lpc17xx.o(i.SSP1_IRQHandler)
    SSPx_GPDMA_Rx_SignalEvent                0x00002dcf   Thumb Code    54  ssp_lpc17xx.o(i.SSPx_GPDMA_Rx_SignalEvent)
    SSPx_GPDMA_Tx_SignalEvent                0x00002e05   Thumb Code    28  ssp_lpc17xx.o(i.SSPx_GPDMA_Tx_SignalEvent)
    SystemInit                               0x0000392d   Thumb Code   302  system_lpc17xx.o(i.SystemInit)
    _init_box                                0x00003bb9   Thumb Code    70  rt_membox.o(i._init_box)
    _is_digit                                0x00003bff   Thumb Code    14  __printf_wp.o(i._is_digit)
    _mutex_acquire                           0x00003c0d   Thumb Code    22  rtx_conf_cm.o(i._mutex_acquire)
    _mutex_release                           0x00003c2d   Thumb Code    18  rtx_conf_cm.o(i._mutex_release)
    dbg_init                                 0x00003f71   Thumb Code    34  hal_cm.o(i.dbg_init)
    dbg_task_notify                          0x00003fa1   Thumb Code    32  hal_cm.o(i.dbg_task_notify)
    dbg_task_switch                          0x00003fc1   Thumb Code    16  hal_cm.o(i.dbg_task_switch)
    isrMessageGet                            0x00004379   Thumb Code    42  rt_cmsis.o(i.isrMessageGet)
    isrMessagePut                            0x000043a3   Thumb Code    44  rt_cmsis.o(i.isrMessagePut)
    isrSemaphoreRelease                      0x000043cf   Thumb Code    40  rt_cmsis.o(i.isrSemaphoreRelease)
    isrSignalSet                             0x000043f7   Thumb Code    36  rt_cmsis.o(i.isrSignalSet)
    isr_evt_set                              0x0000441d   Thumb Code    34  rt_event.o(i.isr_evt_set)
    isr_mbx_receive                          0x00004445   Thumb Code    86  rt_mailbox.o(i.isr_mbx_receive)
    isr_mbx_send                             0x0000449b   Thumb Code    14  rt_mailbox.o(i.isr_mbx_send)
    isr_sem_send                             0x000044a9   Thumb Code    16  rt_semaphore.o(i.isr_sem_send)
    main                                     0x000044b9   Thumb Code   100  main.o(i.main)
    netCore_Thread                           0x00004c01   Thumb Code    76  net_sys.o(i.netCore_Thread)
    netETH_Notify                            0x00004c59   Thumb Code     2  net_eth.o(i.netETH_Notify)
    netETH_Thread                            0x00004c5d   Thumb Code    56  net_eth.o(i.netETH_Thread)
    netInitialize                            0x00004c99   Thumb Code   114  net_sys.o(i.netInitialize)
    netMAC_aton                              0x00004d21   Thumb Code   112  net_addr.o(i.netMAC_aton)
    netUDP_GetBuffer                         0x00004d9d   Thumb Code     4  net_udp.o(i.netUDP_GetBuffer)
    netUDP_GetSocket                         0x00004da1   Thumb Code    24  net_udp.o(i.netUDP_GetSocket)
    netUDP_Open                              0x00004db9   Thumb Code    28  net_udp.o(i.netUDP_Open)
    netUDP_Send                              0x00004dd5   Thumb Code    40  net_udp.o(i.netUDP_Send)
    net_addr4_aton                           0x00004dfd   Thumb Code    82  net_addr.o(i.net_addr4_aton)
    net_addr4_is_subnet                      0x00004e65   Thumb Code    26  net_addr.o(i.net_addr4_is_subnet)
    net_addr6_aton                           0x00004e81   Thumb Code   240  net_addr.o(i.net_addr6_aton)
    net_addr6_comp                           0x00004f75   Thumb Code    40  net_addr.o(i.net_addr6_comp)
    net_addr6_copy                           0x00004f9d   Thumb Code    18  net_addr.o(i.net_addr6_copy)
    net_addr6_create                         0x00004fb1   Thumb Code    70  net_addr.o(i.net_addr6_create)
    net_addr6_get_solicited                  0x00004ffd   Thumb Code    34  net_addr.o(i.net_addr6_get_solicited)
    net_addr6_is_linklocal                   0x00005029   Thumb Code    24  net_addr.o(i.net_addr6_is_linklocal)
    net_addr6_is_onlink                      0x00005041   Thumb Code   108  net_addr.o(i.net_addr6_is_onlink)
    net_addr6_is_solicited                   0x000050ad   Thumb Code    72  net_addr.o(i.net_addr6_is_solicited)
    net_addr6_is_unspec                      0x000050f5   Thumb Code    24  net_addr.o(i.net_addr6_is_unspec)
    net_addr_get_local                       0x0000510d   Thumb Code    14  net_addr.o(i.net_addr_get_local)
    net_addr_is_unspec                       0x0000511b   Thumb Code    34  net_addr.o(i.net_addr_is_unspec)
    net_arp_cache_add                        0x0000513d   Thumb Code   168  net_arp.o(i.net_arp_cache_add)
    net_arp_cache_early                      0x000051ed   Thumb Code   140  net_arp.o(i.net_arp_cache_early)
    net_arp_cache_find                       0x00005281   Thumb Code   164  net_arp.o(i.net_arp_cache_find)
    net_arp_init                             0x00005331   Thumb Code    46  net_arp.o(i.net_arp_init)
    net_arp_notify                           0x00005369   Thumb Code    30  net_arp.o(i.net_arp_notify)
    net_arp_process                          0x00005395   Thumb Code   314  net_arp.o(i.net_arp_process)
    net_arp_run                              0x000054dd   Thumb Code   232  net_arp.o(i.net_arp_run)
    net_eth_iface_init                       0x000055d5   Thumb Code   510  net_eth.o(i.net_eth_iface_init)
    net_eth_iface_run                        0x000057ed   Thumb Code   356  net_eth.o(i.net_eth_iface_run)
    net_eth_is_my_addr                       0x00005961   Thumb Code    28  net_eth.o(i.net_eth_is_my_addr)
    net_eth_output                           0x00005981   Thumb Code    54  net_eth.o(i.net_eth_output)
    net_eth_send_frame                       0x000059bd   Thumb Code   204  net_eth.o(i.net_eth_send_frame)
    net_eth_update_filter                    0x00005a99   Thumb Code   246  net_eth.o(i.net_eth_update_filter)
    net_icmp6_process                        0x00005ba1   Thumb Code   290  net_icmp6.o(i.net_icmp6_process)
    net_icmp6_send                           0x00005cd1   Thumb Code    92  net_icmp6.o(i.net_icmp6_send)
    net_icmp6_send_echo                      0x00005d2d   Thumb Code    72  net_icmp6.o(i.net_icmp6_send_echo)
    net_icmp_process                         0x00005d7d   Thumb Code   210  net_icmp.o(i.net_icmp_process)
    net_icmp_send_echo                       0x00005e5d   Thumb Code   116  net_icmp.o(i.net_icmp_send_echo)
    net_igmp_collect_addr                    0x00005ed9   Thumb Code     4  net_config.o(i.net_igmp_collect_addr)
    net_igmp_is_member                       0x00005edd   Thumb Code     4  net_config.o(i.net_igmp_is_member)
    net_igmp_process                         0x00005ee1   Thumb Code     2  net_config.o(i.net_igmp_process)
    net_ip4_checksum                         0x00005ee3   Thumb Code    76  net_ip4.o(i.net_ip4_checksum)
    net_ip4_chk_frame                        0x00005f31   Thumb Code   192  net_ip4.o(i.net_ip4_chk_frame)
    net_ip4_chksum_buf                       0x00005ffd   Thumb Code    50  net_ip4.o(i.net_ip4_chksum_buf)
    net_ip4_get_local                        0x00006031   Thumb Code    52  net_ip4.o(i.net_ip4_get_local)
    net_ip4_init                             0x00006071   Thumb Code    12  net_ip4.o(i.net_ip4_init)
    net_ip4_is_subcast                       0x00006081   Thumb Code    38  net_ip4.o(i.net_ip4_is_subcast)
    net_ip4_send_frame                       0x000060ad   Thumb Code   266  net_ip4.o(i.net_ip4_send_frame)
    net_ip4_tx_offload                       0x000061c1   Thumb Code    44  net_ip4.o(i.net_ip4_tx_offload)
    net_ip6_checksum                         0x000061f5   Thumb Code    82  net_ip6.o(i.net_ip6_checksum)
    net_ip6_chk_frame                        0x00006249   Thumb Code   150  net_ip6.o(i.net_ip6_chk_frame)
    net_ip6_get_local                        0x000062ed   Thumb Code    78  net_ip6.o(i.net_ip6_get_local)
    net_ip6_init                             0x00006349   Thumb Code    10  net_ip6.o(i.net_ip6_init)
    net_ip6_send_frame                       0x00006359   Thumb Code   166  net_ip6.o(i.net_ip6_send_frame)
    net_ip6_tx_netif                         0x0000640d   Thumb Code     6  net_ip6.o(i.net_ip6_tx_netif)
    net_ip6_tx_offload                       0x00006419   Thumb Code    40  net_ip6.o(i.net_ip6_tx_offload)
    net_loop_iface_init                      0x00006449   Thumb Code    30  net_loop.o(i.net_loop_iface_init)
    net_loop_iface_run                       0x00006471   Thumb Code   138  net_loop.o(i.net_loop_iface_run)
    net_loop_send_frame                      0x00006505   Thumb Code    66  net_loop.o(i.net_loop_send_frame)
    net_mem_alloc                            0x0000654d   Thumb Code   130  net_mem.o(i.net_mem_alloc)
    net_mem_free                             0x000065d9   Thumb Code   100  net_mem.o(i.net_mem_free)
    net_mem_init                             0x00006645   Thumb Code    88  net_mem.o(i.net_mem_init)
    net_memcrc                               0x000066a5   Thumb Code    32  net_common.o(i.net_memcrc)
    net_nbns_client_init                     0x000066c5   Thumb Code    36  net_nbns_client.o(i.net_nbns_client_init)
    net_ndp_cache_find                       0x000066f1   Thumb Code   136  net_ndp.o(i.net_ndp_cache_find)
    net_ndp_cache_refresh                    0x00006785   Thumb Code    78  net_ndp.o(i.net_ndp_cache_refresh)
    net_ndp_init                             0x000067d9   Thumb Code    68  net_ndp.o(i.net_ndp_init)
    net_ndp_process                          0x00006829   Thumb Code   540  net_ndp.o(i.net_ndp_process)
    net_ndp_run                              0x00006a55   Thumb Code   194  net_ndp.o(i.net_ndp_run)
    net_ping_client_init                     0x00006b25   Thumb Code    10  net_ping.o(i.net_ping_client_init)
    net_ping_client_run                      0x00006b35   Thumb Code    56  net_ping.o(i.net_ping_client_run)
    net_ppp_send_frame                       0x00006b75   Thumb Code     4  net_config.o(i.net_ppp_send_frame)
    net_rand32                               0x00006b79   Thumb Code    18  net_sys.o(i.net_rand32)
    net_slip_send_frame                      0x00006b95   Thumb Code     4  net_config.o(i.net_slip_send_frame)
    net_strcpy                               0x00006b99   Thumb Code    18  net_common.o(i.net_strcpy)
    net_strtoupper                           0x00006bab   Thumb Code    26  net_common.o(i.net_strtoupper)
    net_sys_error                            0x00006bc5   Thumb Code     2  net_config.o(i.net_sys_error)
    net_sys_lock                             0x00006bc9   Thumb Code    12  net_sys.o(i.net_sys_lock)
    net_sys_unlock                           0x00006bed   Thumb Code     8  net_sys.o(i.net_sys_unlock)
    net_sys_wakeup                           0x00006bf9   Thumb Code    24  net_sys.o(i.net_sys_wakeup)
    net_tcp_process                          0x00006c19   Thumb Code     2  net_config.o(i.net_tcp_process)
    net_udp_get_buf                          0x00006c1b   Thumb Code    30  net_udp.o(i.net_udp_get_buf)
    net_udp_get_socket                       0x00006c39   Thumb Code    70  net_udp.o(i.net_udp_get_socket)
    net_udp_open                             0x00006c85   Thumb Code    98  net_udp.o(i.net_udp_open)
    net_udp_process                          0x00006cf1   Thumb Code   214  net_udp.o(i.net_udp_process)
    net_udp_send                             0x00006dd5   Thumb Code   368  net_udp.o(i.net_udp_send)
    net_udp_socket_init                      0x00006f49   Thumb Code    16  net_udp.o(i.net_udp_socket_init)
    osDelay                                  0x00006f5d   Thumb Code    18  rt_cmsis.o(i.osDelay)
    osKernelInitialize                       0x00006f75   Thumb Code    30  rt_cmsis.o(i.osKernelInitialize)
    osKernelStart                            0x00006f99   Thumb Code    98  rt_cmsis.o(i.osKernelStart)
    osKernelSysTick                          0x00007005   Thumb Code    18  rt_cmsis.o(i.osKernelSysTick)
    osMessageGet                             0x0000701d   Thumb Code    18  rt_cmsis.o(i.osMessageGet)
    osMutexCreate                            0x00007035   Thumb Code    36  rt_cmsis.o(i.osMutexCreate)
    osMutexRelease                           0x00007061   Thumb Code    18  rt_cmsis.o(i.osMutexRelease)
    osMutexWait                              0x00007079   Thumb Code    18  rt_cmsis.o(i.osMutexWait)
    osSemaphoreCreate                        0x00007091   Thumb Code    36  rt_cmsis.o(i.osSemaphoreCreate)
    osSemaphoreRelease                       0x000070bd   Thumb Code    18  rt_cmsis.o(i.osSemaphoreRelease)
    osSemaphoreWait                          0x000070d5   Thumb Code    20  rt_cmsis.o(i.osSemaphoreWait)
    osSignalClear                            0x000070ed   Thumb Code    20  rt_cmsis.o(i.osSignalClear)
    osSignalSet                              0x00007105   Thumb Code    18  rt_cmsis.o(i.osSignalSet)
    osSignalWait                             0x0000711d   Thumb Code    18  rt_cmsis.o(i.osSignalWait)
    osThreadCreate                           0x00007135   Thumb Code    36  rt_cmsis.o(i.osThreadCreate)
    osThreadExit                             0x00007161   Thumb Code    14  rt_cmsis.o(i.osThreadExit)
    osThreadYield                            0x00007179   Thumb Code    18  rt_cmsis.o(i.osThreadYield)
    osTimerCall                              0x00007191   Thumb Code     8  rt_cmsis.o(i.osTimerCall)
    osTimerCreate                            0x0000719d   Thumb Code    36  rt_cmsis.o(i.osTimerCreate)
    osTimerStart                             0x000071c9   Thumb Code    18  rt_cmsis.o(i.osTimerStart)
    osTimerThread                            0x000071e1   Thumb Code    38  rt_cmsis.o(i.osTimerThread)
    os_error                                 0x0000720d   Thumb Code    34  rtx_conf_cm.o(i.os_error)
    os_idle_demon                            0x0000722f   Thumb Code     4  rtx_conf_cm.o(i.os_idle_demon)
    os_tick_init                             0x00007235   Thumb Code    32  rt_system.o(i.os_tick_init)
    os_tick_irqack                           0x0000725d   Thumb Code     2  rt_system.o(i.os_tick_irqack)
    os_tick_ovf                              0x00007261   Thumb Code    10  rt_system.o(i.os_tick_ovf)
    os_tick_val                              0x00007271   Thumb Code    14  rt_system.o(i.os_tick_val)
    rt_alloc_box                             0x000073fd   Thumb Code    26  rt_membox.o(i.rt_alloc_box)
    rt_alloc_mem                             0x00007417   Thumb Code    62  rt_memory.o(i.rt_alloc_mem)
    rt_block                                 0x00007455   Thumb Code    48  rt_task.o(i.rt_block)
    rt_chk_robin                             0x0000748d   Thumb Code    60  rt_robin.o(i.rt_chk_robin)
    rt_dec_dly                               0x000074d5   Thumb Code   102  rt_list.o(i.rt_dec_dly)
    rt_dispatch                              0x00007545   Thumb Code    60  rt_task.o(i.rt_dispatch)
    rt_dly_wait                              0x00007589   Thumb Code     6  rt_time.o(i.rt_dly_wait)
    rt_evt_clr                               0x00007591   Thumb Code    22  rt_event.o(i.rt_evt_clr)
    rt_evt_psh                               0x000075ad   Thumb Code    76  rt_event.o(i.rt_evt_psh)
    rt_evt_set                               0x000075fd   Thumb Code    88  rt_event.o(i.rt_evt_set)
    rt_evt_wait                              0x00007659   Thumb Code    56  rt_event.o(i.rt_evt_wait)
    rt_free_box                              0x00007695   Thumb Code    44  rt_membox.o(i.rt_free_box)
    rt_free_mem                              0x000076c1   Thumb Code    40  rt_memory.o(i.rt_free_mem)
    rt_get_first                             0x000076e9   Thumb Code    40  rt_list.o(i.rt_get_first)
    rt_get_same_rdy_prio                     0x00007711   Thumb Code    26  rt_list.o(i.rt_get_same_rdy_prio)
    rt_init_mem                              0x00007785   Thumb Code    26  rt_memory.o(i.rt_init_mem)
    rt_init_robin                            0x000077a1   Thumb Code    14  rt_robin.o(i.rt_init_robin)
    rt_init_stack                            0x000077b9   Thumb Code   118  hal_cm.o(i.rt_init_stack)
    rt_mbx_check                             0x00007839   Thumb Code     8  rt_mailbox.o(i.rt_mbx_check)
    rt_mbx_init                              0x00007841   Thumb Code    26  rt_mailbox.o(i.rt_mbx_init)
    rt_mbx_psh                               0x0000785d   Thumb Code   236  rt_mailbox.o(i.rt_mbx_psh)
    rt_mbx_wait                              0x0000794d   Thumb Code   174  rt_mailbox.o(i.rt_mbx_wait)
    rt_mut_init                              0x00007a45   Thumb Code    16  rt_mutex.o(i.rt_mut_init)
    rt_mut_release                           0x00007a55   Thumb Code   208  rt_mutex.o(i.rt_mut_release)
    rt_mut_wait                              0x00007b2d   Thumb Code   114  rt_mutex.o(i.rt_mut_wait)
    rt_pop_req                               0x00007ba5   Thumb Code   112  rt_system.o(i.rt_pop_req)
    rt_psh_req                               0x00007c21   Thumb Code    22  rt_system.o(i.rt_psh_req)
    rt_psq_enq                               0x00007c41   Thumb Code    88  rt_list.o(i.rt_psq_enq)
    rt_put_dly                               0x00007c9d   Thumb Code    68  rt_list.o(i.rt_put_dly)
    rt_put_prio                              0x00007ce5   Thumb Code    54  rt_list.o(i.rt_put_prio)
    rt_put_rdy_first                         0x00007d1d   Thumb Code    14  rt_list.o(i.rt_put_rdy_first)
    rt_resort_prio                           0x00007d31   Thumb Code    46  rt_list.o(i.rt_resort_prio)
    rt_ret_val                               0x00007d65   Thumb Code     6  hal_cm.o(i.rt_ret_val)
    rt_ret_val2                              0x00007d6b   Thumb Code     8  hal_cm.o(i.rt_ret_val2)
    rt_rmv_dly                               0x00007d73   Thumb Code    40  rt_list.o(i.rt_rmv_dly)
    rt_rmv_list                              0x00007d9d   Thumb Code    44  rt_list.o(i.rt_rmv_list)
    rt_sem_init                              0x00007dcd   Thumb Code    12  rt_semaphore.o(i.rt_sem_init)
    rt_sem_psh                               0x00007dd9   Thumb Code    48  rt_semaphore.o(i.rt_sem_psh)
    rt_sem_send                              0x00007e0d   Thumb Code    42  rt_semaphore.o(i.rt_sem_send)
    rt_sem_wait                              0x00007e39   Thumb Code    58  rt_semaphore.o(i.rt_sem_wait)
    rt_stk_check                             0x00007e79   Thumb Code    28  rt_system.o(i.rt_stk_check)
    rt_switch_req                            0x00007e9d   Thumb Code    30  rt_task.o(i.rt_switch_req)
    rt_sys_init                              0x00007ec5   Thumb Code   138  rt_task.o(i.rt_sys_init)
    rt_sys_start                             0x00007f91   Thumb Code   110  rt_task.o(i.rt_sys_start)
    rt_systick                               0x00008009   Thumb Code    50  rt_system.o(i.rt_systick)
    rt_tsk_create                            0x000080cd   Thumb Code   118  rt_task.o(i.rt_tsk_create)
    rt_tsk_delete                            0x00008155   Thumb Code   352  rt_task.o(i.rt_tsk_delete)
    rt_tsk_pass                              0x000082d1   Thumb Code    38  rt_task.o(i.rt_tsk_pass)
    rt_tsk_prio                              0x00008301   Thumb Code   108  rt_task.o(i.rt_tsk_prio)
    rt_tsk_self                              0x0000837d   Thumb Code    12  rt_task.o(i.rt_tsk_self)
    svcDelay                                 0x00008441   Thumb Code    18  rt_cmsis.o(i.svcDelay)
    svcKernelInitialize                      0x00008455   Thumb Code    80  rt_cmsis.o(i.svcKernelInitialize)
    svcKernelStart                           0x000084c5   Thumb Code    62  rt_cmsis.o(i.svcKernelStart)
    svcKernelSysTick                         0x0000850d   Thumb Code    46  rt_cmsis.o(i.svcKernelSysTick)
    svcMessageCreate                         0x00008545   Thumb Code    36  rt_cmsis.o(i.svcMessageCreate)
    svcMessageGet                            0x00008569   Thumb Code    58  rt_cmsis.o(i.svcMessageGet)
    svcMutexCreate                           0x000085a3   Thumb Code    28  rt_cmsis.o(i.svcMutexCreate)
    svcMutexRelease                          0x000085bf   Thumb Code    34  rt_cmsis.o(i.svcMutexRelease)
    svcMutexWait                             0x000085e1   Thumb Code    58  rt_cmsis.o(i.svcMutexWait)
    svcSemaphoreCreate                       0x0000861b   Thumb Code    36  rt_cmsis.o(i.svcSemaphoreCreate)
    svcSemaphoreRelease                      0x0000863f   Thumb Code    40  rt_cmsis.o(i.svcSemaphoreRelease)
    svcSemaphoreWait                         0x00008667   Thumb Code    50  rt_cmsis.o(i.svcSemaphoreWait)
    svcSignalClear                           0x00008699   Thumb Code    36  rt_cmsis.o(i.svcSignalClear)
    svcSignalSet                             0x000086bd   Thumb Code    36  rt_cmsis.o(i.svcSignalSet)
    svcSignalWait                            0x000086e1   Thumb Code    80  rt_cmsis.o(i.svcSignalWait)
    svcThreadCreate                          0x00008735   Thumb Code    96  rt_cmsis.o(i.svcThreadCreate)
    svcThreadGetId                           0x000087a1   Thumb Code    22  rt_cmsis.o(i.svcThreadGetId)
    svcThreadTerminate                       0x000087bd   Thumb Code    50  rt_cmsis.o(i.svcThreadTerminate)
    svcThreadYield                           0x000087f5   Thumb Code    10  rt_cmsis.o(i.svcThreadYield)
    svcTimerCall                             0x000087ff   Thumb Code    24  rt_cmsis.o(i.svcTimerCall)
    svcTimerCreate                           0x00008819   Thumb Code    52  rt_cmsis.o(i.svcTimerCreate)
    svcTimerStart                            0x00008851   Thumb Code    96  rt_cmsis.o(i.svcTimerStart)
    sysTimerTick                             0x000088b5   Thumb Code    84  rt_cmsis.o(i.sysTimerTick)
    train1                                   0x0000895d   Thumb Code    90  train1_pilote.o(i.train1)
    train1_envoiUDP                          0x000089d9   Thumb Code    74  train1_pilote.o(i.train1_envoiUDP)
    udp_cb_func                              0x00008a5d   Thumb Code    52  main.o(i.udp_cb_func)
    _get_lc_ctype                            0x00008bfd   Thumb Code    44  lc_ctype_c.o(locale$$code)
    os_thread_def_train1                     0x00008c28   Data          16  train1_pilote.o(.constdata)
    os_thread_def_train1_envoiUDP            0x00008c38   Data          16  train1_pilote.o(.constdata)
    GLCD_Font_6x8                            0x0000a4dc   Data          16  glcd_fonts.o(.constdata)
    GLCD_Font_16x24                          0x0000a4ec   Data          16  glcd_fonts.o(.constdata)
    os_maxtaskrun                            0x0000a4fc   Data           2  rtx_conf_cm.o(.constdata)
    os_stackinfo                             0x0000a500   Data           4  rtx_conf_cm.o(.constdata)
    os_rrobin                                0x0000a504   Data           4  rtx_conf_cm.o(.constdata)
    os_tickfreq                              0x0000a508   Data           4  rtx_conf_cm.o(.constdata)
    os_tickus_i                              0x0000a50c   Data           2  rtx_conf_cm.o(.constdata)
    os_tickus_f                              0x0000a50e   Data           2  rtx_conf_cm.o(.constdata)
    os_trv                                   0x0000a510   Data           4  rtx_conf_cm.o(.constdata)
    os_flags                                 0x0000a514   Data           1  rtx_conf_cm.o(.constdata)
    CMSIS_RTOS_API_Version                   0x0000a518   Data           4  rtx_conf_cm.o(.constdata)
    CMSIS_RTOS_RTX_Version                   0x0000a51c   Data           4  rtx_conf_cm.o(.constdata)
    os_clockrate                             0x0000a520   Data           4  rtx_conf_cm.o(.constdata)
    os_timernum                              0x0000a524   Data           4  rtx_conf_cm.o(.constdata)
    mp_tcb_size                              0x0000a528   Data           2  rtx_conf_cm.o(.constdata)
    mp_stk_size                              0x0000a52c   Data           4  rtx_conf_cm.o(.constdata)
    os_stack_sz                              0x0000a530   Data           4  rtx_conf_cm.o(.constdata)
    os_fifo_size                             0x0000a534   Data           1  rtx_conf_cm.o(.constdata)
    os_thread_def_osTimerThread              0x0000a538   Data          16  rtx_conf_cm.o(.constdata)
    os_messageQ_def_osTimerMessageQ          0x0000a548   Data           8  rtx_conf_cm.o(.constdata)
    mp_tmr_size                              0x0000a550   Data           2  rtx_conf_cm.o(.constdata)
    os_thread_def_main                       0x0000a554   Data          16  rtx_conf_cm.o(.constdata)
    Driver_ETH_MAC0                          0x0000a56c   Data          68  emac_lpc17xx.o(.constdata)
    Driver_SPI1                              0x0000a600   Data          44  ssp_lpc17xx.o(.constdata)
    Driver_ETH_PHY0                          0x0000a630   Data          32  phy_dp83848c.o(.constdata)
    os_mutex_def_net_lock                    0x0000a650   Data           4  net_config.o(.constdata)
    os_mutex_def_mem_lock                    0x0000a654   Data           4  net_config.o(.constdata)
    os_thread_def_netCore_Thread             0x0000a658   Data          16  net_config.o(.constdata)
    net_sys_config                           0x0000a668   Data          32  net_config.o(.constdata)
    os_semaphore_def_eth0_lock               0x0000a688   Data           4  net_config.o(.constdata)
    os_thread_def_netETH_Thread              0x0000a68c   Data          16  net_config.o(.constdata)
    net_eth0_config                          0x0000a6cc   Data          32  net_config.o(.constdata)
    net_localm                               0x0000a6ec   Data          12  net_config.o(.constdata)
    net_localm6                              0x0000a6f8   Data          12  net_config.o(.constdata)
    net_udp_config                           0x0000a704   Data           8  net_config.o(.constdata)
    net_sys_func                             0x0000a70c   Data          56  net_config.o(.constdata)
    net_mac_bcast                            0x0000a744   Data           6  net_eth.o(.constdata)
    net_ping_payload                         0x0000a752   Data          18  net_ping.o(.constdata)
    os_timer_def_net_tick                    0x0000a764   Data           8  net_sys.o(.constdata)
    net_addr4_bcast                          0x0000a76c   Data           4  net_ip4.o(.constdata)
    net_addr4_loopback                       0x0000a770   Data           4  net_ip4.o(.constdata)
    net_addr6_all_nodes                      0x0000a774   Data          16  net_ip6.o(.constdata)
    net_addr6_loopback                       0x0000a784   Data          16  net_ip6.o(.constdata)
    net_addr6_all_routers                    0x0000a794   Data          16  net_ip6.o(.constdata)
    net_addr_null                            0x0000a7a4   Data          16  net_addr.o(.constdata)
    Region$$Table$$Base                      0x0000a824   Number         0  anon$$obj.o(Region$$Table)
    Region$$Table$$Limit                     0x0000a844   Number         0  anon$$obj.o(Region$$Table)
    __ctype                                  0x0000a851   Data           0  lc_ctype_c.o(locale$$data)
    __MW_NET_VER                             0x07030000   Number         0  net_version.o ABSOLUTE
    udp_sock                                 0x10000000   Data           4  main.o(.data)
    direction                                0x10000004   Data           1  main.o(.data)
    position                                 0x10000005   Data           1  interrupt.o(.data)
    tid_train1                               0x10000008   Data           4  train1_pilote.o(.data)
    tid_train1_envoiUDP                      0x1000000c   Data           4  train1_pilote.o(.data)
    osThreadId_osTimerThread                 0x10000024   Data           4  rtx_conf_cm.o(.data)
    osMessageQId_osTimerMessageQ             0x10000028   Data           4  rtx_conf_cm.o(.data)
    os_tmr                                   0x1000002c   Data           4  rtx_conf_cm.o(.data)
    m_tmr                                    0x10000030   Data           4  rtx_conf_cm.o(.data)
    iap_entry                                0x1000004c   Data           4  emac_lpc17xx.o(.data)
    SystemCoreClock                          0x10000068   Data           4  system_lpc17xx.o(.data)
    os_semaphore_cb_eth0_lock                0x1000006c   Data           8  net_config.o(.data)
    os_initialized                           0x1000007c   Data           1  rt_cmsis.o(.data)
    os_running                               0x1000007d   Data           1  rt_cmsis.o(.data)
    os_timer_head                            0x10000080   Data           4  rt_cmsis.o(.data)
    os_tsk                                   0x10000084   Data           8  rt_task.o(.data)
    os_tick_irqn                             0x100000a8   Data           4  rt_system.o(.data)
    os_time                                  0x100000ac   Data           4  rt_time.o(.data)
    os_robin                                 0x100000b0   Data           8  rt_robin.o(.data)
    dbg_msg                                  0x100000b8   Data           1  hal_cm.o(.data)
    mp_tcb                                   0x100000d0   Data         376  rtx_conf_cm.o(.bss)
    mp_stk                                   0x10000248   Data        3216  rtx_conf_cm.o(.bss)
    os_stack_mem                             0x10000ed8   Data        3184  rtx_conf_cm.o(.bss)
    os_fifo                                  0x10001b48   Data         132  rtx_conf_cm.o(.bss)
    os_active_TCB                            0x10001bcc   Data          28  rtx_conf_cm.o(.bss)
    os_messageQ_q_osTimerMessageQ            0x10001be8   Data          80  rtx_conf_cm.o(.bss)
    os_mutex_cb_net_lock                     0x10007980   Data          16  net_config.o(.bss)
    os_mutex_cb_mem_lock                     0x10007990   Data          16  net_config.o(.bss)
    os_idle_TCB                              0x10007a7c   Data          52  rt_task.o(.bss)
    net_eth_control                          0x10007ab0   Data         148  net_eth.o(.bss)
    net_ping_control                         0x10007b68   Data          32  net_ping.o(.bss)
    net_sys_control                          0x10007b88   Data          48  net_sys.o(.bss)
    os_timer_cb_net_tick                     0x10007bb8   Data          24  net_sys.o(.bss)
    os_rdy                                   0x10007bd0   Data          24  rt_list.o(.bss)
    os_dly                                   0x10007be8   Data          24  rt_list.o(.bss)
    __libspace_start                         0x10007cac   Data          96  libspace.o(.bss)
    __temporary_stack_top$libspace           0x10007d0c   Data           0  libspace.o(.bss)



==============================================================================

Memory Map of the image

  Image Entry point : 0x000000cd

  Load Region LR_IROM1 (Base: 0x00000000, Size: 0x0000aa20, Max: 0x00080000, ABSOLUTE)

    Execution Region ER_IROM1 (Base: 0x00000000, Size: 0x0000a954, Max: 0x00080000, ABSOLUTE)

    Base Addr    Size         Type   Attr      Idx    E Section Name        Object

    0x00000000   0x000000cc   Data   RO         1051    RESET               startup_lpc17xx.o
    0x000000cc   0x00000008   Code   RO         2972  * !!!main             c_w.l(__main.o)
    0x000000d4   0x00000034   Code   RO         3165    !!!scatter          c_w.l(__scatter.o)
    0x00000108   0x0000001a   Code   RO         3167    !!handler_copy      c_w.l(__scatter_copy.o)
    0x00000122   0x00000002   PAD
    0x00000124   0x0000001c   Code   RO         3169    !!handler_zi        c_w.l(__scatter_zi.o)
    0x00000140   0x00000000   Code   RO         2951    .ARM.Collect$$_printf_percent$$00000000  c_w.l(_printf_percent.o)
    0x00000140   0x00000004   Code   RO         2987    .ARM.Collect$$_printf_percent$$00000017  c_w.l(_printf_percent_end.o)
    0x00000144   0x00000002   Code   RO         3040    .ARM.Collect$$libinit$$00000000  c_w.l(libinit.o)
    0x00000146   0x00000000   Code   RO         3062    .ARM.Collect$$libinit$$00000002  c_w.l(libinit2.o)
    0x00000146   0x00000000   Code   RO         3064    .ARM.Collect$$libinit$$00000004  c_w.l(libinit2.o)
    0x00000146   0x00000000   Code   RO         3067    .ARM.Collect$$libinit$$0000000A  c_w.l(libinit2.o)
    0x00000146   0x00000000   Code   RO         3069    .ARM.Collect$$libinit$$0000000C  c_w.l(libinit2.o)
    0x00000146   0x00000000   Code   RO         3071    .ARM.Collect$$libinit$$0000000E  c_w.l(libinit2.o)
    0x00000146   0x00000006   Code   RO         3072    .ARM.Collect$$libinit$$0000000F  c_w.l(libinit2.o)
    0x0000014c   0x00000000   Code   RO         3074    .ARM.Collect$$libinit$$00000011  c_w.l(libinit2.o)
    0x0000014c   0x0000000c   Code   RO         3075    .ARM.Collect$$libinit$$00000012  c_w.l(libinit2.o)
    0x00000158   0x00000000   Code   RO         3076    .ARM.Collect$$libinit$$00000013  c_w.l(libinit2.o)
    0x00000158   0x00000000   Code   RO         3078    .ARM.Collect$$libinit$$00000015  c_w.l(libinit2.o)
    0x00000158   0x00000000   Code   RO         3080    .ARM.Collect$$libinit$$00000017  c_w.l(libinit2.o)
    0x00000158   0x00000000   Code   RO         3082    .ARM.Collect$$libinit$$00000019  c_w.l(libinit2.o)
    0x00000158   0x00000000   Code   RO         3084    .ARM.Collect$$libinit$$0000001B  c_w.l(libinit2.o)
    0x00000158   0x00000000   Code   RO         3086    .ARM.Collect$$libinit$$0000001D  c_w.l(libinit2.o)
    0x00000158   0x00000000   Code   RO         3088    .ARM.Collect$$libinit$$0000001F  c_w.l(libinit2.o)
    0x00000158   0x00000000   Code   RO         3090    .ARM.Collect$$libinit$$00000021  c_w.l(libinit2.o)
    0x00000158   0x00000000   Code   RO         3092    .ARM.Collect$$libinit$$00000023  c_w.l(libinit2.o)
    0x00000158   0x00000000   Code   RO         3094    .ARM.Collect$$libinit$$00000025  c_w.l(libinit2.o)
    0x00000158   0x00000000   Code   RO         3098    .ARM.Collect$$libinit$$0000002C  c_w.l(libinit2.o)
    0x00000158   0x00000000   Code   RO         3100    .ARM.Collect$$libinit$$0000002E  c_w.l(libinit2.o)
    0x00000158   0x00000000   Code   RO         3102    .ARM.Collect$$libinit$$00000030  c_w.l(libinit2.o)
    0x00000158   0x00000000   Code   RO         3104    .ARM.Collect$$libinit$$00000032  c_w.l(libinit2.o)
    0x00000158   0x00000002   Code   RO         3105    .ARM.Collect$$libinit$$00000033  c_w.l(libinit2.o)
    0x0000015a   0x00000002   Code   RO         3041    .ARM.Collect$$libshutdown$$00000000  c_w.l(libshutdown.o)
    0x0000015c   0x00000000   Code   RO         3107    .ARM.Collect$$libshutdown$$00000002  c_w.l(libshutdown2.o)
    0x0000015c   0x00000000   Code   RO         3109    .ARM.Collect$$libshutdown$$00000004  c_w.l(libshutdown2.o)
    0x0000015c   0x00000000   Code   RO         3112    .ARM.Collect$$libshutdown$$00000007  c_w.l(libshutdown2.o)
    0x0000015c   0x00000000   Code   RO         3115    .ARM.Collect$$libshutdown$$0000000A  c_w.l(libshutdown2.o)
    0x0000015c   0x00000000   Code   RO         3117    .ARM.Collect$$libshutdown$$0000000C  c_w.l(libshutdown2.o)
    0x0000015c   0x00000000   Code   RO         3120    .ARM.Collect$$libshutdown$$0000000F  c_w.l(libshutdown2.o)
    0x0000015c   0x00000002   Code   RO         3121    .ARM.Collect$$libshutdown$$00000010  c_w.l(libshutdown2.o)
    0x0000015e   0x00000000   Code   RO         2974    .ARM.Collect$$rtentry$$00000000  c_w.l(__rtentry.o)
    0x0000015e   0x00000000   Code   RO         2995    .ARM.Collect$$rtentry$$00000002  c_w.l(__rtentry2.o)
    0x0000015e   0x00000006   Code   RO         3007    .ARM.Collect$$rtentry$$00000004  c_w.l(__rtentry4.o)
    0x00000164   0x00000000   Code   RO         2997    .ARM.Collect$$rtentry$$00000009  c_w.l(__rtentry2.o)
    0x00000164   0x00000004   Code   RO         2998    .ARM.Collect$$rtentry$$0000000A  c_w.l(__rtentry2.o)
    0x00000168   0x00000008   Code   RO         2999    .ARM.Collect$$rtentry$$0000000B  c_w.l(__rtentry2.o)
    0x00000170   0x00000008   Code   RO         3001    .ARM.Collect$$rtentry$$0000000D  c_w.l(__rtentry2.o)
    0x00000178   0x00000002   Code   RO         2975    .ARM.Collect$$rtexit$$00000000  c_w.l(rtexit.o)
    0x0000017a   0x00000000   Code   RO         3010    .ARM.Collect$$rtexit$$00000002  c_w.l(rtexit2.o)
    0x0000017a   0x00000004   Code   RO         3011    .ARM.Collect$$rtexit$$00000003  c_w.l(rtexit2.o)
    0x0000017e   0x00000006   Code   RO         3012    .ARM.Collect$$rtexit$$00000004  c_w.l(rtexit2.o)
    0x00000184   0x0000001c   Code   RO          407    .emb_text           rtx_conf_cm.o
    0x000001a0   0x00000130   Code   RO         2629    .emb_text           RTX_CM3.lib(hal_cm3.o)
    0x000002d0   0x00000008   Code   RO         2893    .text               c_w.l(libspace.o)
    0x000002d8   0x00000012   Code   RO         2956    .text               c_w.l(exit.o)
    0x000002ea   0x00000006   Code   RO         2970    .text               c_w.l(heapauxi.o)
    0x000002f0   0x0000000a   Code   RO         2985    .text               c_w.l(_sputc.o)
    0x000002fa   0x00000002   Code   RO         3042    .text               c_w.l(use_no_semi.o)
    0x000002fc   0x00000004   Code   RO         1052    .ARM.__at_0x02FC    startup_lpc17xx.o
    0x00000300   0x0000003c   Code   RO         1053    .text               startup_lpc17xx.o
    0x0000033c   0x000000ee   Code   RO         2896    .text               c_w.l(lludivv7m.o)
    0x0000042a   0x00000002   PAD
    0x0000042c   0x0000002c   Code   RO         2898    .text               c_w.l(__2sprintf.o)
    0x00000458   0x00000138   Code   RO         2941    .text               c_w.l(__printf_flags_wp.o)
    0x00000590   0x0000003c   Code   RO         2952    .text               c_w.l(__0sscanf.o)
    0x000005cc   0x0000014c   Code   RO         2954    .text               c_w.l(_scanf_int.o)
    0x00000718   0x00000058   Code   RO         2958    .text               c_w.l(memcmp.o)
    0x00000770   0x0000008a   Code   RO         2962    .text               c_w.l(rt_memcpy_v6.o)
    0x000007fa   0x00000064   Code   RO         2964    .text               c_w.l(rt_memcpy_w.o)
    0x0000085e   0x00000044   Code   RO         2966    .text               c_w.l(rt_memclr.o)
    0x000008a2   0x0000004e   Code   RO         2968    .text               c_w.l(rt_memclr_w.o)
    0x000008f0   0x00000030   Code   RO         2983    .text               c_w.l(_printf_char_common.o)
    0x00000920   0x0000001c   Code   RO         2988    .text               c_w.l(_chval.o)
    0x0000093c   0x0000002c   Code   RO         2990    .text               c_w.l(scanf_char.o)
    0x00000968   0x00000040   Code   RO         2992    .text               c_w.l(_sgetc.o)
    0x000009a8   0x00000012   Code   RO         3018    .text               c_w.l(isspace.o)
    0x000009ba   0x00000002   PAD
    0x000009bc   0x00000374   Code   RO         3022    .text               c_w.l(_scanf.o)
    0x00000d30   0x0000000c   Code   RO         3024    .text               c_w.l(sys_exit.o)
    0x00000d3c   0x0000004a   Code   RO         3026    .text               c_w.l(sys_stackheap_outer.o)
    0x00000d86   0x00000002   PAD
    0x00000d88   0x00000010   Code   RO         3028    .text               c_w.l(rt_ctype_table.o)
    0x00000d98   0x00000000   Code   RO         3044    .text               c_w.l(indicate_semi.o)
    0x00000d98   0x0000000a   Code   RO         3052    .text               c_w.l(rt_locale_twolibspace.o)
    0x00000da2   0x00000002   PAD
    0x00000da4   0x00000080   Code   RO         3126    .text               c_w.l(strcmpv7m.o)
    0x00000e24   0x00000004   Code   RO         2888    SVC_TABLE           RTX_CM3.lib(svc_table.o)
    0x00000e28   0x0000000c   Code   RO          125    i.Arret_train1      train1_pilote.o
    0x00000e34   0x00000010   Code   RO          126    i.Avance_train1     train1_pilote.o
    0x00000e44   0x00000020   Code   RO          872    i.Clear_Channel_active_flag  gpdma_lpc17xx.o
    0x00000e64   0x00000198   Code   RO          468    i.Control           emac_lpc17xx.o
    0x00000ffc   0x00000008   Code   RO          469    i.ControlTimer      emac_lpc17xx.o
    0x00001004   0x00000180   Code   RO          873    i.DMA_IRQHandler    gpdma_lpc17xx.o
    0x00001184   0x00000084   Code   RO           93    i.EINT3_IRQHandler  interrupt.o
    0x00001208   0x00000048   Code   RO          470    i.ENET_IRQHandler   emac_lpc17xx.o
    0x00001250   0x00000030   Code   RO          203    i.GLCD_ClearScreen  glcd_mcb1700.o
    0x00001280   0x000000d0   Code   RO          206    i.GLCD_DrawChar     glcd_mcb1700.o
    0x00001350   0x0000002c   Code   RO          210    i.GLCD_DrawString   glcd_mcb1700.o
    0x0000137c   0x000005b6   Code   RO          214    i.GLCD_Initialize   glcd_mcb1700.o
    0x00001932   0x00000002   PAD
    0x00001934   0x00000010   Code   RO          216    i.GLCD_SetFont      glcd_mcb1700.o
    0x00001944   0x000000ac   Code   RO          218    i.GLCD_SetWindow    glcd_mcb1700.o
    0x000019f0   0x00000012   Code   RO          221    i.GLCD_WindowMax    glcd_mcb1700.o
    0x00001a02   0x00000002   PAD
    0x00001a04   0x000000f4   Code   RO          874    i.GPDMA_ChannelConfigure  gpdma_lpc17xx.o
    0x00001af8   0x00000030   Code   RO          875    i.GPDMA_ChannelDisable  gpdma_lpc17xx.o
    0x00001b28   0x00000030   Code   RO          877    i.GPDMA_ChannelGetCount  gpdma_lpc17xx.o
    0x00001b58   0x000000a8   Code   RO          879    i.GPDMA_Initialize  gpdma_lpc17xx.o
    0x00001c00   0x00000044   Code   RO          880    i.GPDMA_PeripheralSelect  gpdma_lpc17xx.o
    0x00001c44   0x00000080   Code   RO          881    i.GPDMA_Uninitialize  gpdma_lpc17xx.o
    0x00001cc4   0x00000020   Code   RO          962    i.GPIO_PinRead      gpio_lpc17xx.o
    0x00001ce4   0x00000028   Code   RO          963    i.GPIO_PinWrite     gpio_lpc17xx.o
    0x00001d0c   0x0000002c   Code   RO          964    i.GPIO_PortClock    gpio_lpc17xx.o
    0x00001d38   0x00000014   Code   RO          965    i.GPIO_PortRead     gpio_lpc17xx.o
    0x00001d4c   0x00000038   Code   RO          967    i.GPIO_SetDir       gpio_lpc17xx.o
    0x00001d84   0x0000000c   Code   RO          471    i.GetCapabilities   emac_lpc17xx.o
    0x00001d90   0x00000068   Code   RO          813    i.GetLinkInfo       phy_dp83848c.o
    0x00001df8   0x0000002c   Code   RO          814    i.GetLinkState      phy_dp83848c.o
    0x00001e24   0x00000048   Code   RO          472    i.GetMacAddress     emac_lpc17xx.o
    0x00001e6c   0x00000054   Code   RO          473    i.GetRxFrameSize    emac_lpc17xx.o
    0x00001ec0   0x00000008   Code   RO          474    i.GetRxFrameTime    emac_lpc17xx.o
    0x00001ec8   0x00000044   Code   RO          642    i.GetSSPClockFreq   ssp_lpc17xx.o
    0x00001f0c   0x00000008   Code   RO          475    i.GetTxFrameTime    emac_lpc17xx.o
    0x00001f14   0x00000010   Code   RO          476    i.GetVersion        emac_lpc17xx.o
    0x00001f24   0x00000010   Code   RO          815    i.GetVersion        phy_dp83848c.o
    0x00001f34   0x00000050   Code   RO          127    i.Init_GPIO_train1  train1_pilote.o
    0x00001f84   0x00000048   Code   RO          128    i.Init_Thread_train1  train1_pilote.o
    0x00001fcc   0x00000170   Code   RO          477    i.Initialize        emac_lpc17xx.o
    0x0000213c   0x00000030   Code   RO          816    i.Initialize        phy_dp83848c.o
    0x0000216c   0x000000e8   Code   RO          478    i.PHY_Read          emac_lpc17xx.o
    0x00002254   0x000000d8   Code   RO          479    i.PHY_Write         emac_lpc17xx.o
    0x0000232c   0x000000fc   Code   RO         1016    i.PIN_Configure     pin_lpc17xx.o
    0x00002428   0x00000224   Code   RO          480    i.PowerControl      emac_lpc17xx.o
    0x0000264c   0x000000d4   Code   RO          817    i.PowerControl      phy_dp83848c.o
    0x00002720   0x00000074   Code   RO          481    i.ReadFrame         emac_lpc17xx.o
    0x00002794   0x0000000c   Code   RO          129    i.Recule_train1     train1_pilote.o
    0x000027a0   0x00000018   Code   RO          643    i.SSP1_Control      ssp_lpc17xx.o
    0x000027b8   0x00000014   Code   RO          644    i.SSP1_GPDMA_Rx_SignalEvent  ssp_lpc17xx.o
    0x000027cc   0x00000014   Code   RO          645    i.SSP1_GPDMA_Tx_SignalEvent  ssp_lpc17xx.o
    0x000027e0   0x00000010   Code   RO          646    i.SSP1_GetDataCount  ssp_lpc17xx.o
    0x000027f0   0x00000010   Code   RO          647    i.SSP1_GetStatus    ssp_lpc17xx.o
    0x00002800   0x00000010   Code   RO          648    i.SSP1_IRQHandler   ssp_lpc17xx.o
    0x00002810   0x00000014   Code   RO          649    i.SSP1_Initialize   ssp_lpc17xx.o
    0x00002824   0x00000014   Code   RO          650    i.SSP1_PowerControl  ssp_lpc17xx.o
    0x00002838   0x00000018   Code   RO          651    i.SSP1_Receive      ssp_lpc17xx.o
    0x00002850   0x00000018   Code   RO          652    i.SSP1_Send         ssp_lpc17xx.o
    0x00002868   0x0000001c   Code   RO          653    i.SSP1_Transfer     ssp_lpc17xx.o
    0x00002884   0x00000010   Code   RO          654    i.SSP1_Uninitialize  ssp_lpc17xx.o
    0x00002894   0x0000000c   Code   RO          655    i.SSP_GetCapabilities  ssp_lpc17xx.o
    0x000028a0   0x00000010   Code   RO          656    i.SSP_GetVersion    ssp_lpc17xx.o
    0x000028b0   0x0000051e   Code   RO          657    i.SSPx_Control      ssp_lpc17xx.o
    0x00002dce   0x00000036   Code   RO          658    i.SSPx_GPDMA_Rx_SignalEvent  ssp_lpc17xx.o
    0x00002e04   0x0000001c   Code   RO          659    i.SSPx_GPDMA_Tx_SignalEvent  ssp_lpc17xx.o
    0x00002e20   0x0000002c   Code   RO          660    i.SSPx_GetDataCount  ssp_lpc17xx.o
    0x00002e4c   0x0000005a   Code   RO          661    i.SSPx_GetStatus    ssp_lpc17xx.o
    0x00002ea6   0x00000104   Code   RO          662    i.SSPx_IRQHandler   ssp_lpc17xx.o
    0x00002faa   0x000000a8   Code   RO          663    i.SSPx_Initialize   ssp_lpc17xx.o
    0x00003052   0x00000002   PAD
    0x00003054   0x000001b4   Code   RO          664    i.SSPx_PowerControl  ssp_lpc17xx.o
    0x00003208   0x0000015c   Code   RO          665    i.SSPx_Receive      ssp_lpc17xx.o
    0x00003364   0x00000154   Code   RO          666    i.SSPx_Send         ssp_lpc17xx.o
    0x000034b8   0x00000152   Code   RO          667    i.SSPx_Transfer     ssp_lpc17xx.o
    0x0000360a   0x00000070   Code   RO          668    i.SSPx_Uninitialize  ssp_lpc17xx.o
    0x0000367a   0x00000002   PAD
    0x0000367c   0x000000b8   Code   RO          482    i.SendFrame         emac_lpc17xx.o
    0x00003734   0x000000ac   Code   RO          483    i.SetAddressFilter  emac_lpc17xx.o
    0x000037e0   0x00000040   Code   RO          818    i.SetInterface      phy_dp83848c.o
    0x00003820   0x0000004c   Code   RO          484    i.SetMacAddress     emac_lpc17xx.o
    0x0000386c   0x00000088   Code   RO          819    i.SetMode           phy_dp83848c.o
    0x000038f4   0x00000038   Code   RO          882    i.Set_Channel_active_flag  gpdma_lpc17xx.o
    0x0000392c   0x00000140   Code   RO         1063    i.SystemInit        system_lpc17xx.o
    0x00003a6c   0x00000100   Code   RO          485    i.Uninitialize      emac_lpc17xx.o
    0x00003b6c   0x00000014   Code   RO          820    i.Uninitialize      phy_dp83848c.o
    0x00003b80   0x0000001c   Code   RO          669    i.__NVIC_ClearPendingIRQ  ssp_lpc17xx.o
    0x00003b9c   0x0000001c   Code   RO          883    i.__NVIC_ClearPendingIRQ  gpdma_lpc17xx.o
    0x00003bb8   0x00000046   Code   RO         2528    i._init_box         RTX_CM3.lib(rt_membox.o)
    0x00003bfe   0x0000000e   Code   RO         2939    i._is_digit         c_w.l(__printf_wp.o)
    0x00003c0c   0x00000020   Code   RO          409    i._mutex_acquire    rtx_conf_cm.o
    0x00003c2c   0x0000001c   Code   RO          411    i._mutex_release    rtx_conf_cm.o
    0x00003c48   0x00000098   Code   RO         1997    i.arp_cache_alloc   Net_CM3_L.lib(net_arp.o)
    0x00003ce0   0x00000040   Code   RO         1998    i.arp_is_cacheable  Net_CM3_L.lib(net_arp.o)
    0x00003d20   0x00000040   Code   RO         1999    i.arp_probe_run     Net_CM3_L.lib(net_arp.o)
    0x00003d60   0x00000080   Code   RO         2000    i.arp_proc_response  Net_CM3_L.lib(net_arp.o)
    0x00003de0   0x0000008c   Code   RO         2001    i.arp_send_reply    Net_CM3_L.lib(net_arp.o)
    0x00003e6c   0x000000b8   Code   RO         2002    i.arp_send_request  Net_CM3_L.lib(net_arp.o)
    0x00003f24   0x00000028   Code   RO          486    i.crc32_8bit_rev    emac_lpc17xx.o
    0x00003f4c   0x00000022   Code   RO          487    i.crc32_data        emac_lpc17xx.o
    0x00003f6e   0x00000002   PAD
    0x00003f70   0x00000030   Code   RO         2581    i.dbg_init          RTX_CM3.lib(hal_cm.o)
    0x00003fa0   0x00000020   Code   RO         2582    i.dbg_task_notify   RTX_CM3.lib(hal_cm.o)
    0x00003fc0   0x00000010   Code   RO         2583    i.dbg_task_switch   RTX_CM3.lib(hal_cm.o)
    0x00003fd0   0x0000002c   Code   RO          222    i.delay_ms          glcd_mcb1700.o
    0x00003ffc   0x000000a0   Code   RO         1951    i.eth_check_link    Net_CM3_L.lib(net_eth.o)
    0x0000409c   0x00000010   Code   RO         1952    i.eth_lock          Net_CM3_L.lib(net_eth.o)
    0x000040ac   0x0000001e   Code   RO         1953    i.eth_make_mcast4   Net_CM3_L.lib(net_eth.o)
    0x000040ca   0x0000001a   Code   RO         1954    i.eth_make_mcast6   Net_CM3_L.lib(net_eth.o)
    0x000040e4   0x00000014   Code   RO         1955    i.eth_notify        Net_CM3_L.lib(net_eth.o)
    0x000040f8   0x00000088   Code   RO         1957    i.eth_receive       Net_CM3_L.lib(net_eth.o)
    0x00004180   0x0000000c   Code   RO         1958    i.eth_unlock        Net_CM3_L.lib(net_eth.o)
    0x0000418c   0x0000001c   Code   RO         2790    i.get_crc32         Net_CM3_L.lib(net_common.o)
    0x000041a8   0x00000068   Code   RO          488    i.init_rx_desc      emac_lpc17xx.o
    0x00004210   0x0000005c   Code   RO          489    i.init_tx_desc      emac_lpc17xx.o
    0x0000426c   0x00000044   Code   RO          490    i.input_MDIO        emac_lpc17xx.o
    0x000042b0   0x0000000a   Code   RO         2693    i.ip4_get_chksum    Net_CM3_L.lib(net_ip4.o)
    0x000042ba   0x00000002   PAD
    0x000042bc   0x00000090   Code   RO         2694    i.ip4_get_route     Net_CM3_L.lib(net_ip4.o)
    0x0000434c   0x0000002c   Code   RO         2721    i.ip6_get_route     Net_CM3_L.lib(net_ip6.o)
    0x00004378   0x0000002a   Code   RO         1214    i.isrMessageGet     RTX_CM3.lib(rt_cmsis.o)
    0x000043a2   0x0000002c   Code   RO         1215    i.isrMessagePut     RTX_CM3.lib(rt_cmsis.o)
    0x000043ce   0x00000028   Code   RO         1216    i.isrSemaphoreRelease  RTX_CM3.lib(rt_cmsis.o)
    0x000043f6   0x00000024   Code   RO         1217    i.isrSignalSet      RTX_CM3.lib(rt_cmsis.o)
    0x0000441a   0x00000002   PAD
    0x0000441c   0x00000028   Code   RO         2265    i.isr_evt_set       RTX_CM3.lib(rt_event.o)
    0x00004444   0x00000056   Code   RO         2383    i.isr_mbx_receive   RTX_CM3.lib(rt_mailbox.o)
    0x0000449a   0x0000000e   Code   RO         2384    i.isr_mbx_send      RTX_CM3.lib(rt_mailbox.o)
    0x000044a8   0x00000010   Code   RO         2431    i.isr_sem_send      RTX_CM3.lib(rt_semaphore.o)
    0x000044b8   0x00000074   Code   RO            4    i.main              main.o
    0x0000452c   0x00000010   Code   RO         2768    i.mem_lock          Net_CM3_L.lib(net_mem.o)
    0x0000453c   0x0000000c   Code   RO         2769    i.mem_unlock        Net_CM3_L.lib(net_mem.o)
    0x00004548   0x00000160   Code   RO         2109    i.nbns_listener     Net_CM3_L.lib(net_nbns_client.o)
    0x000046a8   0x0000009c   Code   RO         2639    i.ndp_cache_add     Net_CM3_L.lib(net_ndp.o)
    0x00004744   0x00000084   Code   RO         2640    i.ndp_cache_alloc   Net_CM3_L.lib(net_ndp.o)
    0x000047c8   0x0000002c   Code   RO         2641    i.ndp_check_frame   Net_CM3_L.lib(net_ndp.o)
    0x000047f4   0x0000005c   Code   RO         2642    i.ndp_is_onlink     Net_CM3_L.lib(net_ndp.o)
    0x00004850   0x00000012   Code   RO         2643    i.ndp_next_opt      Net_CM3_L.lib(net_ndp.o)
    0x00004862   0x00000002   PAD
    0x00004864   0x000000b8   Code   RO         2644    i.ndp_prefix_add    Net_CM3_L.lib(net_ndp.o)
    0x0000491c   0x00000040   Code   RO         2645    i.ndp_probe_run     Net_CM3_L.lib(net_ndp.o)
    0x0000495c   0x0000007c   Code   RO         2646    i.ndp_proc_response  Net_CM3_L.lib(net_ndp.o)
    0x000049d8   0x0000003c   Code   RO         2647    i.ndp_router_remove  Net_CM3_L.lib(net_ndp.o)
    0x00004a14   0x0000006c   Code   RO         2648    i.ndp_send_reply    Net_CM3_L.lib(net_ndp.o)
    0x00004a80   0x00000084   Code   RO         2649    i.ndp_send_request  Net_CM3_L.lib(net_ndp.o)
    0x00004b04   0x000000fc   Code   RO         2650    i.ndp_slaac_run     Net_CM3_L.lib(net_ndp.o)
    0x00004c00   0x00000058   Code   RO         2138    i.netCore_Thread    Net_CM3_L.lib(net_sys.o)
    0x00004c58   0x00000002   Code   RO         1959    i.netETH_Notify     Net_CM3_L.lib(net_eth.o)
    0x00004c5a   0x00000002   PAD
    0x00004c5c   0x0000003c   Code   RO         1960    i.netETH_Thread     Net_CM3_L.lib(net_eth.o)
    0x00004c98   0x00000088   Code   RO         2141    i.netInitialize     Net_CM3_L.lib(net_sys.o)
    0x00004d20   0x0000007c   Code   RO         2824    i.netMAC_aton       Net_CM3_L.lib(net_addr.o)
    0x00004d9c   0x00000004   Code   RO         2060    i.netUDP_GetBuffer  Net_CM3_L.lib(net_udp.o)
    0x00004da0   0x00000018   Code   RO         2062    i.netUDP_GetSocket  Net_CM3_L.lib(net_udp.o)
    0x00004db8   0x0000001c   Code   RO         2063    i.netUDP_Open       Net_CM3_L.lib(net_udp.o)
    0x00004dd4   0x00000028   Code   RO         2065    i.netUDP_Send       Net_CM3_L.lib(net_udp.o)
    0x00004dfc   0x00000068   Code   RO         2826    i.net_addr4_aton    Net_CM3_L.lib(net_addr.o)
    0x00004e64   0x0000001a   Code   RO         2827    i.net_addr4_is_subnet  Net_CM3_L.lib(net_addr.o)
    0x00004e7e   0x00000002   PAD
    0x00004e80   0x000000f4   Code   RO         2829    i.net_addr6_aton    Net_CM3_L.lib(net_addr.o)
    0x00004f74   0x00000028   Code   RO         2830    i.net_addr6_comp    Net_CM3_L.lib(net_addr.o)
    0x00004f9c   0x00000012   Code   RO         2831    i.net_addr6_copy    Net_CM3_L.lib(net_addr.o)
    0x00004fae   0x00000002   PAD
    0x00004fb0   0x0000004c   Code   RO         2832    i.net_addr6_create  Net_CM3_L.lib(net_addr.o)
    0x00004ffc   0x0000002c   Code   RO         2833    i.net_addr6_get_solicited  Net_CM3_L.lib(net_addr.o)
    0x00005028   0x00000018   Code   RO         2834    i.net_addr6_is_linklocal  Net_CM3_L.lib(net_addr.o)
    0x00005040   0x0000006c   Code   RO         2835    i.net_addr6_is_onlink  Net_CM3_L.lib(net_addr.o)
    0x000050ac   0x00000048   Code   RO         2836    i.net_addr6_is_solicited  Net_CM3_L.lib(net_addr.o)
    0x000050f4   0x00000018   Code   RO         2837    i.net_addr6_is_unspec  Net_CM3_L.lib(net_addr.o)
    0x0000510c   0x0000000e   Code   RO         2842    i.net_addr_get_local  Net_CM3_L.lib(net_addr.o)
    0x0000511a   0x00000022   Code   RO         2843    i.net_addr_is_unspec  Net_CM3_L.lib(net_addr.o)
    0x0000513c   0x000000b0   Code   RO         2008    i.net_arp_cache_add  Net_CM3_L.lib(net_arp.o)
    0x000051ec   0x00000094   Code   RO         2009    i.net_arp_cache_early  Net_CM3_L.lib(net_arp.o)
    0x00005280   0x000000b0   Code   RO         2010    i.net_arp_cache_find  Net_CM3_L.lib(net_arp.o)
    0x00005330   0x00000038   Code   RO         2012    i.net_arp_init      Net_CM3_L.lib(net_arp.o)
    0x00005368   0x0000002c   Code   RO         2013    i.net_arp_notify    Net_CM3_L.lib(net_arp.o)
    0x00005394   0x00000148   Code   RO         2015    i.net_arp_process   Net_CM3_L.lib(net_arp.o)
    0x000054dc   0x000000f8   Code   RO         2016    i.net_arp_run       Net_CM3_L.lib(net_arp.o)
    0x000055d4   0x00000218   Code   RO         1963    i.net_eth_iface_init  Net_CM3_L.lib(net_eth.o)
    0x000057ec   0x00000174   Code   RO         1964    i.net_eth_iface_run  Net_CM3_L.lib(net_eth.o)
    0x00005960   0x00000020   Code   RO         1965    i.net_eth_is_my_addr  Net_CM3_L.lib(net_eth.o)
    0x00005980   0x0000003c   Code   RO         1966    i.net_eth_output    Net_CM3_L.lib(net_eth.o)
    0x000059bc   0x000000dc   Code   RO         1967    i.net_eth_send_frame  Net_CM3_L.lib(net_eth.o)
    0x00005a98   0x00000108   Code   RO         1969    i.net_eth_update_filter  Net_CM3_L.lib(net_eth.o)
    0x00005ba0   0x00000130   Code   RO         2756    i.net_icmp6_process  Net_CM3_L.lib(net_icmp6.o)
    0x00005cd0   0x0000005c   Code   RO         2757    i.net_icmp6_send    Net_CM3_L.lib(net_icmp6.o)
    0x00005d2c   0x00000050   Code   RO         2758    i.net_icmp6_send_echo  Net_CM3_L.lib(net_icmp6.o)
    0x00005d7c   0x000000e0   Code   RO         2746    i.net_icmp_process  Net_CM3_L.lib(net_icmp.o)
    0x00005e5c   0x0000007c   Code   RO         2747    i.net_icmp_send_echo  Net_CM3_L.lib(net_icmp.o)
    0x00005ed8   0x00000004   Code   RO         1098    i.net_igmp_collect_addr  net_config.o
    0x00005edc   0x00000004   Code   RO         1099    i.net_igmp_is_member  net_config.o
    0x00005ee0   0x00000002   Code   RO         1100    i.net_igmp_process  net_config.o
    0x00005ee2   0x0000004c   Code   RO         2695    i.net_ip4_checksum  Net_CM3_L.lib(net_ip4.o)
    0x00005f2e   0x00000002   PAD
    0x00005f30   0x000000cc   Code   RO         2696    i.net_ip4_chk_frame  Net_CM3_L.lib(net_ip4.o)
    0x00005ffc   0x00000032   Code   RO         2697    i.net_ip4_chksum_buf  Net_CM3_L.lib(net_ip4.o)
    0x0000602e   0x00000002   PAD
    0x00006030   0x00000040   Code   RO         2698    i.net_ip4_get_local  Net_CM3_L.lib(net_ip4.o)
    0x00006070   0x00000010   Code   RO         2699    i.net_ip4_init      Net_CM3_L.lib(net_ip4.o)
    0x00006080   0x0000002c   Code   RO         2700    i.net_ip4_is_subcast  Net_CM3_L.lib(net_ip4.o)
    0x000060ac   0x00000114   Code   RO         2701    i.net_ip4_send_frame  Net_CM3_L.lib(net_ip4.o)
    0x000061c0   0x00000034   Code   RO         2702    i.net_ip4_tx_offload  Net_CM3_L.lib(net_ip4.o)
    0x000061f4   0x00000052   Code   RO         2722    i.net_ip6_checksum  Net_CM3_L.lib(net_ip6.o)
    0x00006246   0x00000002   PAD
    0x00006248   0x000000a4   Code   RO         2723    i.net_ip6_chk_frame  Net_CM3_L.lib(net_ip6.o)
    0x000062ec   0x0000005c   Code   RO         2724    i.net_ip6_get_local  Net_CM3_L.lib(net_ip6.o)
    0x00006348   0x00000010   Code   RO         2725    i.net_ip6_init      Net_CM3_L.lib(net_ip6.o)
    0x00006358   0x000000b4   Code   RO         2726    i.net_ip6_send_frame  Net_CM3_L.lib(net_ip6.o)
    0x0000640c   0x0000000c   Code   RO         2727    i.net_ip6_tx_netif  Net_CM3_L.lib(net_ip6.o)
    0x00006418   0x00000030   Code   RO         2728    i.net_ip6_tx_offload  Net_CM3_L.lib(net_ip6.o)
    0x00006448   0x00000028   Code   RO         2046    i.net_loop_iface_init  Net_CM3_L.lib(net_loop.o)
    0x00006470   0x00000094   Code   RO         2047    i.net_loop_iface_run  Net_CM3_L.lib(net_loop.o)
    0x00006504   0x00000048   Code   RO         2048    i.net_loop_send_frame  Net_CM3_L.lib(net_loop.o)
    0x0000654c   0x0000008c   Code   RO         2770    i.net_mem_alloc     Net_CM3_L.lib(net_mem.o)
    0x000065d8   0x0000006c   Code   RO         2772    i.net_mem_free      Net_CM3_L.lib(net_mem.o)
    0x00006644   0x00000060   Code   RO         2773    i.net_mem_init      Net_CM3_L.lib(net_mem.o)
    0x000066a4   0x00000020   Code   RO         2794    i.net_memcrc        Net_CM3_L.lib(net_common.o)
    0x000066c4   0x0000002c   Code   RO         2110    i.net_nbns_client_init  Net_CM3_L.lib(net_nbns_client.o)
    0x000066f0   0x00000094   Code   RO         2655    i.net_ndp_cache_find  Net_CM3_L.lib(net_ndp.o)
    0x00006784   0x00000054   Code   RO         2657    i.net_ndp_cache_refresh  Net_CM3_L.lib(net_ndp.o)
    0x000067d8   0x00000050   Code   RO         2659    i.net_ndp_init      Net_CM3_L.lib(net_ndp.o)
    0x00006828   0x0000022c   Code   RO         2660    i.net_ndp_process   Net_CM3_L.lib(net_ndp.o)
    0x00006a54   0x000000d0   Code   RO         2661    i.net_ndp_run       Net_CM3_L.lib(net_ndp.o)
    0x00006b24   0x00000010   Code   RO         2122    i.net_ping_client_init  Net_CM3_L.lib(net_ping.o)
    0x00006b34   0x00000040   Code   RO         2123    i.net_ping_client_run  Net_CM3_L.lib(net_ping.o)
    0x00006b74   0x00000004   Code   RO         1102    i.net_ppp_send_frame  net_config.o
    0x00006b78   0x0000001c   Code   RO         2145    i.net_rand32        Net_CM3_L.lib(net_sys.o)
    0x00006b94   0x00000004   Code   RO         1105    i.net_slip_send_frame  net_config.o
    0x00006b98   0x00000012   Code   RO         2798    i.net_strcpy        Net_CM3_L.lib(net_common.o)
    0x00006baa   0x0000001a   Code   RO         2800    i.net_strtoupper    Net_CM3_L.lib(net_common.o)
    0x00006bc4   0x00000002   Code   RO         1107    i.net_sys_error     net_config.o
    0x00006bc6   0x00000002   PAD
    0x00006bc8   0x00000010   Code   RO         2146    i.net_sys_lock      Net_CM3_L.lib(net_sys.o)
    0x00006bd8   0x00000014   Code   RO         2147    i.net_sys_tick      Net_CM3_L.lib(net_sys.o)
    0x00006bec   0x0000000c   Code   RO         2148    i.net_sys_unlock    Net_CM3_L.lib(net_sys.o)
    0x00006bf8   0x00000020   Code   RO         2149    i.net_sys_wakeup    Net_CM3_L.lib(net_sys.o)
    0x00006c18   0x00000002   Code   RO         1108    i.net_tcp_process   net_config.o
    0x00006c1a   0x0000001e   Code   RO         2069    i.net_udp_get_buf   Net_CM3_L.lib(net_udp.o)
    0x00006c38   0x0000004c   Code   RO         2071    i.net_udp_get_socket  Net_CM3_L.lib(net_udp.o)
    0x00006c84   0x0000006c   Code   RO         2073    i.net_udp_open      Net_CM3_L.lib(net_udp.o)
    0x00006cf0   0x000000e4   Code   RO         2074    i.net_udp_process   Net_CM3_L.lib(net_udp.o)
    0x00006dd4   0x00000174   Code   RO         2076    i.net_udp_send      Net_CM3_L.lib(net_udp.o)
    0x00006f48   0x00000014   Code   RO         2078    i.net_udp_socket_init  Net_CM3_L.lib(net_udp.o)
    0x00006f5c   0x00000018   Code   RO         1218    i.osDelay           RTX_CM3.lib(rt_cmsis.o)
    0x00006f74   0x00000024   Code   RO         1219    i.osKernelInitialize  RTX_CM3.lib(rt_cmsis.o)
    0x00006f98   0x0000006c   Code   RO         1221    i.osKernelStart     RTX_CM3.lib(rt_cmsis.o)
    0x00007004   0x00000018   Code   RO         1222    i.osKernelSysTick   RTX_CM3.lib(rt_cmsis.o)
    0x0000701c   0x00000018   Code   RO         1230    i.osMessageGet      RTX_CM3.lib(rt_cmsis.o)
    0x00007034   0x0000002c   Code   RO         1232    i.osMutexCreate     RTX_CM3.lib(rt_cmsis.o)
    0x00007060   0x00000018   Code   RO         1234    i.osMutexRelease    RTX_CM3.lib(rt_cmsis.o)
    0x00007078   0x00000018   Code   RO         1235    i.osMutexWait       RTX_CM3.lib(rt_cmsis.o)
    0x00007090   0x0000002c   Code   RO         1240    i.osSemaphoreCreate  RTX_CM3.lib(rt_cmsis.o)
    0x000070bc   0x00000018   Code   RO         1242    i.osSemaphoreRelease  RTX_CM3.lib(rt_cmsis.o)
    0x000070d4   0x00000018   Code   RO         1243    i.osSemaphoreWait   RTX_CM3.lib(rt_cmsis.o)
    0x000070ec   0x00000018   Code   RO         1244    i.osSignalClear     RTX_CM3.lib(rt_cmsis.o)
    0x00007104   0x00000018   Code   RO         1245    i.osSignalSet       RTX_CM3.lib(rt_cmsis.o)
    0x0000711c   0x00000018   Code   RO         1246    i.osSignalWait      RTX_CM3.lib(rt_cmsis.o)
    0x00007134   0x0000002c   Code   RO         1247    i.osThreadCreate    RTX_CM3.lib(rt_cmsis.o)
    0x00007160   0x00000018   Code   RO         1248    i.osThreadExit      RTX_CM3.lib(rt_cmsis.o)
    0x00007178   0x00000018   Code   RO         1253    i.osThreadYield     RTX_CM3.lib(rt_cmsis.o)
    0x00007190   0x0000000c   Code   RO         1254    i.osTimerCall       RTX_CM3.lib(rt_cmsis.o)
    0x0000719c   0x0000002c   Code   RO         1255    i.osTimerCreate     RTX_CM3.lib(rt_cmsis.o)
    0x000071c8   0x00000018   Code   RO         1257    i.osTimerStart      RTX_CM3.lib(rt_cmsis.o)
    0x000071e0   0x0000002c   Code   RO         1259    i.osTimerThread     RTX_CM3.lib(rt_cmsis.o)
    0x0000720c   0x00000022   Code   RO          412    i.os_error          rtx_conf_cm.o
    0x0000722e   0x00000004   Code   RO          413    i.os_idle_demon     rtx_conf_cm.o
    0x00007232   0x00000002   PAD
    0x00007234   0x00000028   Code   RO         2175    i.os_tick_init      RTX_CM3.lib(rt_system.o)
    0x0000725c   0x00000002   Code   RO         2176    i.os_tick_irqack    RTX_CM3.lib(rt_system.o)
    0x0000725e   0x00000002   PAD
    0x00007260   0x00000010   Code   RO         2177    i.os_tick_ovf       RTX_CM3.lib(rt_system.o)
    0x00007270   0x00000014   Code   RO         2178    i.os_tick_val       RTX_CM3.lib(rt_system.o)
    0x00007284   0x00000040   Code   RO          491    i.output_MDIO       emac_lpc17xx.o
    0x000072c4   0x0000001c   Code   RO         2124    i.ping_send_req     Net_CM3_L.lib(net_ping.o)
    0x000072e0   0x00000044   Code   RO          223    i.rd_dat            glcd_mcb1700.o
    0x00007324   0x000000c8   Code   RO          224    i.rd_id_man         glcd_mcb1700.o
    0x000073ec   0x00000010   Code   RO          225    i.rd_reg            glcd_mcb1700.o
    0x000073fc   0x0000001a   Code   RO         2529    i.rt_alloc_box      RTX_CM3.lib(rt_membox.o)
    0x00007416   0x0000003e   Code   RO         2557    i.rt_alloc_mem      RTX_CM3.lib(rt_memory.o)
    0x00007454   0x00000038   Code   RO         1833    i.rt_block          RTX_CM3.lib(rt_task.o)
    0x0000748c   0x00000048   Code   RO         2506    i.rt_chk_robin      RTX_CM3.lib(rt_robin.o)
    0x000074d4   0x00000070   Code   RO         2307    i.rt_dec_dly        RTX_CM3.lib(rt_list.o)
    0x00007544   0x00000044   Code   RO         1834    i.rt_dispatch       RTX_CM3.lib(rt_task.o)
    0x00007588   0x00000006   Code   RO         2473    i.rt_dly_wait       RTX_CM3.lib(rt_time.o)
    0x0000758e   0x00000002   PAD
    0x00007590   0x0000001c   Code   RO         2266    i.rt_evt_clr        RTX_CM3.lib(rt_event.o)
    0x000075ac   0x00000050   Code   RO         2268    i.rt_evt_psh        RTX_CM3.lib(rt_event.o)
    0x000075fc   0x0000005c   Code   RO         2269    i.rt_evt_set        RTX_CM3.lib(rt_event.o)
    0x00007658   0x0000003c   Code   RO         2270    i.rt_evt_wait       RTX_CM3.lib(rt_event.o)
    0x00007694   0x0000002c   Code   RO         2530    i.rt_free_box       RTX_CM3.lib(rt_membox.o)
    0x000076c0   0x00000028   Code   RO         2558    i.rt_free_mem       RTX_CM3.lib(rt_memory.o)
    0x000076e8   0x00000028   Code   RO         2308    i.rt_get_first      RTX_CM3.lib(rt_list.o)
    0x00007710   0x00000024   Code   RO         2309    i.rt_get_same_rdy_prio  RTX_CM3.lib(rt_list.o)
    0x00007734   0x00000008   Code   RO         1264    i.rt_id2obj         RTX_CM3.lib(rt_cmsis.o)
    0x0000773c   0x00000048   Code   RO         1835    i.rt_init_context   RTX_CM3.lib(rt_task.o)
    0x00007784   0x0000001a   Code   RO         2559    i.rt_init_mem       RTX_CM3.lib(rt_memory.o)
    0x0000779e   0x00000002   PAD
    0x000077a0   0x00000018   Code   RO         2507    i.rt_init_robin     RTX_CM3.lib(rt_robin.o)
    0x000077b8   0x00000080   Code   RO         2584    i.rt_init_stack     RTX_CM3.lib(hal_cm.o)
    0x00007838   0x00000008   Code   RO         2385    i.rt_mbx_check      RTX_CM3.lib(rt_mailbox.o)
    0x00007840   0x0000001a   Code   RO         2386    i.rt_mbx_init       RTX_CM3.lib(rt_mailbox.o)
    0x0000785a   0x00000002   PAD
    0x0000785c   0x000000f0   Code   RO         2387    i.rt_mbx_psh        RTX_CM3.lib(rt_mailbox.o)
    0x0000794c   0x000000b4   Code   RO         2389    i.rt_mbx_wait       RTX_CM3.lib(rt_mailbox.o)
    0x00007a00   0x00000044   Code   RO         1265    i.rt_ms2tick        RTX_CM3.lib(rt_cmsis.o)
    0x00007a44   0x00000010   Code   RO         1918    i.rt_mut_init       RTX_CM3.lib(rt_mutex.o)
    0x00007a54   0x000000d8   Code   RO         1919    i.rt_mut_release    RTX_CM3.lib(rt_mutex.o)
    0x00007b2c   0x00000078   Code   RO         1920    i.rt_mut_wait       RTX_CM3.lib(rt_mutex.o)
    0x00007ba4   0x0000007c   Code   RO         2179    i.rt_pop_req        RTX_CM3.lib(rt_system.o)
    0x00007c20   0x00000020   Code   RO         2180    i.rt_psh_req        RTX_CM3.lib(rt_system.o)
    0x00007c40   0x0000005c   Code   RO         2310    i.rt_psq_enq        RTX_CM3.lib(rt_list.o)
    0x00007c9c   0x00000048   Code   RO         2311    i.rt_put_dly        RTX_CM3.lib(rt_list.o)
    0x00007ce4   0x00000036   Code   RO         2312    i.rt_put_prio       RTX_CM3.lib(rt_list.o)
    0x00007d1a   0x00000002   PAD
    0x00007d1c   0x00000014   Code   RO         2313    i.rt_put_rdy_first  RTX_CM3.lib(rt_list.o)
    0x00007d30   0x00000034   Code   RO         2314    i.rt_resort_prio    RTX_CM3.lib(rt_list.o)
    0x00007d64   0x00000006   Code   RO         2585    i.rt_ret_val        RTX_CM3.lib(hal_cm.o)
    0x00007d6a   0x00000008   Code   RO         2586    i.rt_ret_val2       RTX_CM3.lib(hal_cm.o)
    0x00007d72   0x00000028   Code   RO         2315    i.rt_rmv_dly        RTX_CM3.lib(rt_list.o)
    0x00007d9a   0x00000002   PAD
    0x00007d9c   0x00000030   Code   RO         2316    i.rt_rmv_list       RTX_CM3.lib(rt_list.o)
    0x00007dcc   0x0000000c   Code   RO         2433    i.rt_sem_init       RTX_CM3.lib(rt_semaphore.o)
    0x00007dd8   0x00000034   Code   RO         2434    i.rt_sem_psh        RTX_CM3.lib(rt_semaphore.o)
    0x00007e0c   0x0000002a   Code   RO         2435    i.rt_sem_send       RTX_CM3.lib(rt_semaphore.o)
    0x00007e36   0x00000002   PAD
    0x00007e38   0x00000040   Code   RO         2436    i.rt_sem_wait       RTX_CM3.lib(rt_semaphore.o)
    0x00007e78   0x00000024   Code   RO         2182    i.rt_stk_check      RTX_CM3.lib(rt_system.o)
    0x00007e9c   0x00000028   Code   RO         1836    i.rt_switch_req     RTX_CM3.lib(rt_task.o)
    0x00007ec4   0x000000cc   Code   RO         1837    i.rt_sys_init       RTX_CM3.lib(rt_task.o)
    0x00007f90   0x00000078   Code   RO         1838    i.rt_sys_start      RTX_CM3.lib(rt_task.o)
    0x00008008   0x00000040   Code   RO         2184    i.rt_systick        RTX_CM3.lib(rt_system.o)
    0x00008048   0x00000012   Code   RO         1266    i.rt_tid2ptcb       RTX_CM3.lib(rt_cmsis.o)
    0x0000805a   0x00000002   PAD
    0x0000805c   0x00000034   Code   RO         1267    i.rt_timer_insert   RTX_CM3.lib(rt_cmsis.o)
    0x00008090   0x0000003c   Code   RO         1268    i.rt_timer_remove   RTX_CM3.lib(rt_cmsis.o)
    0x000080cc   0x00000088   Code   RO         1839    i.rt_tsk_create     RTX_CM3.lib(rt_task.o)
    0x00008154   0x0000017c   Code   RO         1840    i.rt_tsk_delete     RTX_CM3.lib(rt_task.o)
    0x000082d0   0x00000030   Code   RO         1841    i.rt_tsk_pass       RTX_CM3.lib(rt_task.o)
    0x00008300   0x0000007c   Code   RO         1842    i.rt_tsk_prio       RTX_CM3.lib(rt_task.o)
    0x0000837c   0x00000010   Code   RO         1843    i.rt_tsk_self       RTX_CM3.lib(rt_task.o)
    0x0000838c   0x0000002c   Code   RO          226    i.spi_tran          glcd_mcb1700.o
    0x000083b8   0x00000088   Code   RO          227    i.spi_tran_man      glcd_mcb1700.o
    0x00008440   0x00000012   Code   RO         1269    i.svcDelay          RTX_CM3.lib(rt_cmsis.o)
    0x00008452   0x00000002   PAD
    0x00008454   0x00000070   Code   RO         1270    i.svcKernelInitialize  RTX_CM3.lib(rt_cmsis.o)
    0x000084c4   0x00000048   Code   RO         1272    i.svcKernelStart    RTX_CM3.lib(rt_cmsis.o)
    0x0000850c   0x00000038   Code   RO         1273    i.svcKernelSysTick  RTX_CM3.lib(rt_cmsis.o)
    0x00008544   0x00000024   Code   RO         1275    i.svcMessageCreate  RTX_CM3.lib(rt_cmsis.o)
    0x00008568   0x0000003a   Code   RO         1276    i.svcMessageGet     RTX_CM3.lib(rt_cmsis.o)
    0x000085a2   0x0000001c   Code   RO         1278    i.svcMutexCreate    RTX_CM3.lib(rt_cmsis.o)
    0x000085be   0x00000022   Code   RO         1280    i.svcMutexRelease   RTX_CM3.lib(rt_cmsis.o)
    0x000085e0   0x0000003a   Code   RO         1281    i.svcMutexWait      RTX_CM3.lib(rt_cmsis.o)
    0x0000861a   0x00000024   Code   RO         1283    i.svcSemaphoreCreate  RTX_CM3.lib(rt_cmsis.o)
    0x0000863e   0x00000028   Code   RO         1285    i.svcSemaphoreRelease  RTX_CM3.lib(rt_cmsis.o)
    0x00008666   0x00000032   Code   RO         1286    i.svcSemaphoreWait  RTX_CM3.lib(rt_cmsis.o)
    0x00008698   0x00000024   Code   RO         1287    i.svcSignalClear    RTX_CM3.lib(rt_cmsis.o)
    0x000086bc   0x00000024   Code   RO         1288    i.svcSignalSet      RTX_CM3.lib(rt_cmsis.o)
    0x000086e0   0x00000054   Code   RO         1289    i.svcSignalWait     RTX_CM3.lib(rt_cmsis.o)
    0x00008734   0x0000006c   Code   RO         1290    i.svcThreadCreate   RTX_CM3.lib(rt_cmsis.o)
    0x000087a0   0x0000001c   Code   RO         1291    i.svcThreadGetId    RTX_CM3.lib(rt_cmsis.o)
    0x000087bc   0x00000038   Code   RO         1294    i.svcThreadTerminate  RTX_CM3.lib(rt_cmsis.o)
    0x000087f4   0x0000000a   Code   RO         1295    i.svcThreadYield    RTX_CM3.lib(rt_cmsis.o)
    0x000087fe   0x00000018   Code   RO         1296    i.svcTimerCall      RTX_CM3.lib(rt_cmsis.o)
    0x00008816   0x00000002   PAD
    0x00008818   0x00000038   Code   RO         1297    i.svcTimerCreate    RTX_CM3.lib(rt_cmsis.o)
    0x00008850   0x00000064   Code   RO         1299    i.svcTimerStart     RTX_CM3.lib(rt_cmsis.o)
    0x000088b4   0x0000005c   Code   RO         1305    i.sysTimerTick      RTX_CM3.lib(rt_cmsis.o)
    0x00008910   0x0000004c   Code   RO         2150    i.sys_proc_tick     Net_CM3_L.lib(net_sys.o)
    0x0000895c   0x0000007c   Code   RO          130    i.train1            train1_pilote.o
    0x000089d8   0x00000058   Code   RO          131    i.train1_envoiUDP   train1_pilote.o
    0x00008a30   0x0000002c   Code   RO          492    i.turnaround_MDIO   emac_lpc17xx.o
    0x00008a5c   0x00000038   Code   RO            5    i.udp_cb_func       main.o
    0x00008a94   0x0000002c   Code   RO         2079    i.udp_port_in_use   Net_CM3_L.lib(net_udp.o)
    0x00008ac0   0x0000004c   Code   RO          228    i.wr_cmd            glcd_mcb1700.o
    0x00008b0c   0x00000034   Code   RO          230    i.wr_dat_only       glcd_mcb1700.o
    0x00008b40   0x00000018   Code   RO          231    i.wr_dat_start      glcd_mcb1700.o
    0x00008b58   0x00000014   Code   RO          232    i.wr_dat_stop       glcd_mcb1700.o
    0x00008b6c   0x00000090   Code   RO          233    i.wr_reg            glcd_mcb1700.o
    0x00008bfc   0x0000002c   Code   RO         3055    locale$$code        c_w.l(lc_ctype_c.o)
    0x00008c28   0x00000034   Data   RO          132    .constdata          train1_pilote.o
    0x00008c5c   0x000018a0   Data   RO          191    .constdata          glcd_fonts.o
    0x0000a4fc   0x00000068   Data   RO          415    .constdata          rtx_conf_cm.o
    0x0000a564   0x0000004c   Data   RO          494    .constdata          emac_lpc17xx.o
    0x0000a5b0   0x0000007c   Data   RO          671    .constdata          ssp_lpc17xx.o
    0x0000a62c   0x00000024   Data   RO          822    .constdata          phy_dp83848c.o
    0x0000a650   0x000000f4   Data   RO         1110    .constdata          net_config.o
    0x0000a744   0x00000006   Data   RO         1971    .constdata          Net_CM3_L.lib(net_eth.o)
    0x0000a74a   0x00000008   Data   RO         2111    .constdata          Net_CM3_L.lib(net_nbns_client.o)
    0x0000a752   0x00000012   Data   RO         2126    .constdata          Net_CM3_L.lib(net_ping.o)
    0x0000a764   0x00000008   Data   RO         2153    .constdata          Net_CM3_L.lib(net_sys.o)
    0x0000a76c   0x00000008   Data   RO         2703    .constdata          Net_CM3_L.lib(net_ip4.o)
    0x0000a774   0x00000020   Data   RO         2729    .constdata          Net_CM3_L.lib(net_ip6.o)
    0x0000a794   0x00000010   Data   RO         2730    .constdata          Net_CM3_L.lib(net_ip6.o)
    0x0000a7a4   0x00000010   Data   RO         2847    .constdata          Net_CM3_L.lib(net_addr.o)
    0x0000a7b4   0x00000011   Data   RO         2942    .constdata          c_w.l(__printf_flags_wp.o)
    0x0000a7c5   0x00000003   PAD
    0x0000a7c8   0x0000005c   Data   RO         1111    .conststring        net_config.o
    0x0000a824   0x00000020   Data   RO         3164    Region$$Table       anon$$obj.o
    0x0000a844   0x00000110   Data   RO         3054    locale$$data        c_w.l(lc_ctype_c.o)


    Execution Region RW_IRAM1 (Base: 0x10000000, Size: 0x00007f10, Max: 0x00008000, ABSOLUTE)

    Base Addr    Size         Type   Attr      Idx    E Section Name        Object

    0x10000000   0x00000005   Data   RW            6    .data               main.o
    0x10000005   0x00000001   Data   RW           94    .data               interrupt.o
    0x10000006   0x00000002   PAD
    0x10000008   0x00000008   Data   RW          133    .data               train1_pilote.o
    0x10000010   0x00000011   Data   RW          234    .data               glcd_mcb1700.o
    0x10000021   0x00000003   PAD
    0x10000024   0x00000014   Data   RW          416    .data               rtx_conf_cm.o
    0x10000038   0x00000018   Data   RW          495    .data               emac_lpc17xx.o
    0x10000050   0x00000010   Data   RW          672    .data               ssp_lpc17xx.o
    0x10000060   0x00000008   Data   RW          885    .data               gpdma_lpc17xx.o
    0x10000068   0x00000004   Data   RW         1064    .data               system_lpc17xx.o
    0x1000006c   0x0000000e   Data   RW         1112    .data               net_config.o
    0x1000007a   0x00000002   PAD
    0x1000007c   0x00000008   Data   RW         1308    .data               RTX_CM3.lib(rt_cmsis.o)
    0x10000084   0x00000008   Data   RW         1845    .data               RTX_CM3.lib(rt_task.o)
    0x1000008c   0x00000001   Data   RW         2018    .data               Net_CM3_L.lib(net_arp.o)
    0x1000008d   0x00000003   PAD
    0x10000090   0x00000008   Data   RW         2049    .data               Net_CM3_L.lib(net_loop.o)
    0x10000098   0x00000002   Data   RW         2081    .data               Net_CM3_L.lib(net_udp.o)
    0x1000009a   0x00000001   Data   RW         2112    .data               Net_CM3_L.lib(net_nbns_client.o)
    0x1000009b   0x00000001   PAD
    0x1000009c   0x00000008   Data   RW         2154    .data               Net_CM3_L.lib(net_sys.o)
    0x100000a4   0x00000008   Data   RW         2187    .data               RTX_CM3.lib(rt_system.o)
    0x100000ac   0x00000004   Data   RW         2477    .data               RTX_CM3.lib(rt_time.o)
    0x100000b0   0x00000008   Data   RW         2508    .data               RTX_CM3.lib(rt_robin.o)
    0x100000b8   0x00000001   Data   RW         2587    .data               RTX_CM3.lib(hal_cm.o)
    0x100000b9   0x00000001   Data   RW         2663    .data               Net_CM3_L.lib(net_ndp.o)
    0x100000ba   0x00000002   PAD
    0x100000bc   0x00000008   Data   RW         2704    .data               Net_CM3_L.lib(net_ip4.o)
    0x100000c4   0x00000008   Data   RW         2731    .data               Net_CM3_L.lib(net_ip6.o)
    0x100000cc   0x00000004   PAD
    0x100000d0   0x00001e88   Zero   RW          414    .bss                rtx_conf_cm.o
    0x10001f58   0x00002a74   Zero   RW          493    .bss                emac_lpc17xx.o
    0x100049cc   0x00000028   Zero   RW          670    .bss                ssp_lpc17xx.o
    0x100049f4   0x0000000c   Zero   RW          821    .bss                phy_dp83848c.o
    0x10004a00   0x000000a0   Zero   RW          884    .bss                gpdma_lpc17xx.o
    0x10004aa0   0x00002fdc   Zero   RW         1109    .bss                net_config.o
    0x10007a7c   0x00000034   Zero   RW         1844    .bss                RTX_CM3.lib(rt_task.o)
    0x10007ab0   0x00000094   Zero   RW         1970    .bss                Net_CM3_L.lib(net_eth.o)
    0x10007b44   0x00000010   Zero   RW         2017    .bss                Net_CM3_L.lib(net_arp.o)
    0x10007b54   0x00000014   Zero   RW         2080    .bss                Net_CM3_L.lib(net_udp.o)
    0x10007b68   0x00000020   Zero   RW         2125    .bss                Net_CM3_L.lib(net_ping.o)
    0x10007b88   0x00000030   Zero   RW         2151    .bss                Net_CM3_L.lib(net_sys.o)
    0x10007bb8   0x00000018   Zero   RW         2152    .bss                Net_CM3_L.lib(net_sys.o)
    0x10007bd0   0x00000030   Zero   RW         2317    .bss                RTX_CM3.lib(rt_list.o)
    0x10007c00   0x0000003c   Zero   RW         2662    .bss                Net_CM3_L.lib(net_ndp.o)
    0x10007c3c   0x00000014   Zero   RW         2775    .bss                Net_CM3_L.lib(net_mem.o)
    0x10007c50   0x0000005c   Zero   RW         2846    .bss                Net_CM3_L.lib(net_addr.o)
    0x10007cac   0x00000060   Zero   RW         2894    .bss                c_w.l(libspace.o)
    0x10007d0c   0x00000004   PAD
    0x10007d10   0x00000000   Zero   RW         1050    HEAP                startup_lpc17xx.o
    0x10007d10   0x00000200   Zero   RW         1049    STACK               startup_lpc17xx.o


==============================================================================

Image component sizes


      Code (inc. data)   RO Data    RW Data    ZI Data      Debug   Object Name

      3302        288         76         24      10868      54757   emac_lpc17xx.o
         0          0       6304          0          0        736   glcd_fonts.o
      2792         98          0         17          0      18278   glcd_mcb1700.o
      1204         94          0          8        160       8062   gpdma_lpc17xx.o
       192         24          0          0          0       2826   gpio_lpc17xx.o
       132         16          0          1          0        678   interrupt.o
       172         20          0          5          0      61351   main.o
        22          0        336         14      12252      21706   net_config.o
       644         44         36          0         12      10390   phy_dp83848c.o
       252          6          0          0          0        804   pin_lpc17xx.o
       126         26        104         20       7816       9095   rtx_conf_cm.o
      3896        106        124         16         40      26648   ssp_lpc17xx.o
        64         26        204          0        512       1012   startup_lpc17xx.o
       320         18          0          4          0        819   system_lpc17xx.o
       404         96         52          8          0       4642   train1_pilote.o

    ----------------------------------------------------------------------
     13536        862       7268        124      31660     221804   Object Totals
         0          0         32          0          0          0   (incl. Generated)
        14          0          0          7          0          0   (incl. Padding)

    ----------------------------------------------------------------------

      Code (inc. data)   RO Data    RW Data    ZI Data      Debug   Library Member Name

       952         54         16          0         92       1012   net_addr.o
      1908        136          0          1         16       1120   net_arp.o
       104          4          0          0          0        284   net_common.o
      1946        122          6          0        148       1188   net_eth.o
       348         22          0          0          0        164   net_icmp.o
       476         32          0          0          0        252   net_icmp6.o
       936         72          8          8          0        824   net_ip4.o
       638         72         48          8          0        648   net_ip6.o
       260         26          0          8          0        244   net_loop.o
       372         34          0          0         20        396   net_mem.o
       396         26          8          1          0        176   net_nbns_client.o
      2442        174          0          1         60       1504   net_ndp.o
       108         20         18          0         32        212   net_ping.o
       408         68          8          8         72        560   net_sys.o
       974         42          0          2         20        876   net_udp.o
       238         24          0          1          0       3312   hal_cm.o
       304         36          0          0          0        768   hal_cm3.o
      2284        250          0          8          0      51688   rt_cmsis.o
       300         24          0          0          0       3183   rt_event.o
       566         44          0          0         48       8792   rt_list.o
       554         10          0          0          0       3949   rt_mailbox.o
       140          0          0          0          0       1925   rt_membox.o
       128          0          0          0          0       2307   rt_memory.o
       352         14          0          0          0       2105   rt_mutex.o
        96         22          0          8          0       1158   rt_robin.o
       186         10          0          0          0       2902   rt_semaphore.o
       334         64          0          8          0       7091   rt_system.o
      1264        184          0          8         52      10147   rt_task.o
         6          0          0          4          0        652   rt_time.o
         4          4          0          0          0        208   svc_table.o
        60          8          0          0          0         84   __0sscanf.o
        44          6          0          0          0         84   __2sprintf.o
         8          0          0          0          0         68   __main.o
       312          4         17          0          0         92   __printf_flags_wp.o
        14          0          0          0          0         68   __printf_wp.o
         0          0          0          0          0          0   __rtentry.o
        20          0          0          0          0          0   __rtentry2.o
         6          0          0          0          0          0   __rtentry4.o
        52          8          0          0          0          0   __scatter.o
        26          0          0          0          0          0   __scatter_copy.o
        28          0          0          0          0          0   __scatter_zi.o
        28          0          0          0          0         68   _chval.o
        48          6          0          0          0         96   _printf_char_common.o
         0          0          0          0          0          0   _printf_percent.o
         4          0          0          0          0          0   _printf_percent_end.o
       884          6          0          0          0        100   _scanf.o
       332          0          0          0          0         96   _scanf_int.o
        64          0          0          0          0         84   _sgetc.o
        10          0          0          0          0         68   _sputc.o
        18          0          0          0          0         80   exit.o
         6          0          0          0          0        152   heapauxi.o
         0          0          0          0          0          0   indicate_semi.o
        18          0          0          0          0         76   isspace.o
        44         10        272          0          0         76   lc_ctype_c.o
         2          0          0          0          0          0   libinit.o
        20          0          0          0          0          0   libinit2.o
         2          0          0          0          0          0   libshutdown.o
         2          0          0          0          0          0   libshutdown2.o
         8          4          0          0         96         68   libspace.o
       238          0          0          0          0        100   lludivv7m.o
        88          0          0          0          0         76   memcmp.o
        16          4          0          0          0         76   rt_ctype_table.o
        10          0          0          0          0         76   rt_locale_twolibspace.o
        68          0          0          0          0         68   rt_memclr.o
        78          0          0          0          0         80   rt_memclr_w.o
       138          0          0          0          0         68   rt_memcpy_v6.o
       100          0          0          0          0         80   rt_memcpy_w.o
         2          0          0          0          0          0   rtexit.o
        10          0          0          0          0          0   rtexit2.o
        44          8          0          0          0         84   scanf_char.o
       128          0          0          0          0         68   strcmpv7m.o
        12          4          0          0          0         68   sys_exit.o
        74          0          0          0          0         80   sys_stackheap_outer.o
         2          0          0          0          0         68   use_no_semi.o

    ----------------------------------------------------------------------
     22140       1658        404         80        664     111999   Library Totals
        48          0          3          6          8          0   (incl. Padding)

    ----------------------------------------------------------------------

      Code (inc. data)   RO Data    RW Data    ZI Data      Debug   Library Name

     12268        904        112         37        460       9460   Net_CM3_L.lib
      6756        686          0         37        100     100187   RTX_CM3.lib
      3068         68        289          0         96       2352   c_w.l

    ----------------------------------------------------------------------
     22140       1658        404         80        664     111999   Library Totals

    ----------------------------------------------------------------------

==============================================================================


      Code (inc. data)   RO Data    RW Data    ZI Data      Debug   

     35676       2520       7672        204      32324     314611   Grand Totals
     35676       2520       7672        204      32324     314611   ELF Image Totals
     35676       2520       7672        204          0          0   ROM Totals

==============================================================================

    Total RO  Size (Code + RO Data)                43348 (  42.33kB)
    Total RW  Size (RW Data + ZI Data)             32528 (  31.77kB)
    Total ROM Size (Code + RO Data + RW Data)      43552 (  42.53kB)

==============================================================================

